Component: Arm Compiler for Embedded 6.19 Tool: armlink [5e73cb00]

==============================================================================

Section Cross References

    startup_stm32f407xx.o(STACK) refers (Special) to heapauxi.o(.text) for __use_two_region_memory
    startup_stm32f407xx.o(HEAP) refers (Special) to heapauxi.o(.text) for __use_two_region_memory
    startup_stm32f407xx.o(RESET) refers (Special) to heapauxi.o(.text) for __use_two_region_memory
    startup_stm32f407xx.o(RESET) refers to startup_stm32f407xx.o(STACK) for __initial_sp
    startup_stm32f407xx.o(RESET) refers to startup_stm32f407xx.o(.text) for Reset_Handler
    startup_stm32f407xx.o(RESET) refers to stm32f4xx_it.o(.text.NMI_Handler) for NMI_Handler
    startup_stm32f407xx.o(RESET) refers to stm32f4xx_it.o(.text.HardFault_Handler) for HardFault_Handler
    startup_stm32f407xx.o(RESET) refers to stm32f4xx_it.o(.text.MemManage_Handler) for MemManage_Handler
    startup_stm32f407xx.o(RESET) refers to stm32f4xx_it.o(.text.BusFault_Handler) for BusFault_Handler
    startup_stm32f407xx.o(RESET) refers to stm32f4xx_it.o(.text.UsageFault_Handler) for UsageFault_Handler
    startup_stm32f407xx.o(RESET) refers to stm32f4xx_it.o(.text.SVC_Handler) for SVC_Handler
    startup_stm32f407xx.o(RESET) refers to stm32f4xx_it.o(.text.DebugMon_Handler) for DebugMon_Handler
    startup_stm32f407xx.o(RESET) refers to stm32f4xx_it.o(.text.PendSV_Handler) for PendSV_Handler
    startup_stm32f407xx.o(RESET) refers to stm32f4xx_it.o(.text.SysTick_Handler) for SysTick_Handler
    startup_stm32f407xx.o(RESET) refers to stm32f4xx_it.o(.text.DMA2_Stream1_IRQHandler) for DMA2_Stream1_IRQHandler
    startup_stm32f407xx.o(RESET) refers to stm32f4xx_it.o(.text.DMA2_Stream6_IRQHandler) for DMA2_Stream6_IRQHandler
    startup_stm32f407xx.o(RESET) refers to stm32f4xx_it.o(.text.USART6_IRQHandler) for USART6_IRQHandler
    startup_stm32f407xx.o(.text) refers (Special) to heapauxi.o(.text) for __use_two_region_memory
    startup_stm32f407xx.o(.text) refers to system_stm32f4xx.o(.text.SystemInit) for SystemInit
    startup_stm32f407xx.o(.text) refers to __main.o(!!!main) for __main
    startup_stm32f407xx.o(.text) refers to startup_stm32f407xx.o(HEAP) for Heap_Mem
    startup_stm32f407xx.o(.text) refers to startup_stm32f407xx.o(STACK) for Stack_Mem
    main.o(.text.main) refers to stm32f4xx_hal.o(.text.HAL_Init) for HAL_Init
    main.o(.text.main) refers to main.o(.text.SystemClock_Config) for SystemClock_Config
    main.o(.text.main) refers to gpio.o(.text.MX_GPIO_Init) for MX_GPIO_Init
    main.o(.text.main) refers to dma.o(.text.MX_DMA_Init) for MX_DMA_Init
    main.o(.text.main) refers to usart.o(.text.MX_USART6_UART_Init) for MX_USART6_UART_Init
    main.o(.text.main) refers to tim.o(.text.MX_TIM3_Init) for MX_TIM3_Init
    main.o(.text.main) refers to tim.o(.text.MX_TIM4_Init) for MX_TIM4_Init
    main.o(.text.main) refers to adc.o(.text.MX_ADC1_Init) for MX_ADC1_Init
    main.o(.text.main) refers to my_dynamixel.o(.text.DXL_InitServo) for DXL_InitServo
    main.o(.text.main) refers to stm32f4xx_hal_uart.o(.text.HAL_UART_DeInit) for HAL_UART_DeInit
    main.o(.text.main) refers to stm32f4xx_hal_uart.o(.text.HAL_UART_Init) for HAL_UART_Init
    main.o(.text.main) refers to stm32f4xx_hal.o(.text.HAL_Delay) for HAL_Delay
    main.o(.text.main) refers to stm32f4xx_hal_adc.o(.text.HAL_ADC_Start) for HAL_ADC_Start
    main.o(.text.main) refers to main.o(.text.OUTLINED_FUNCTION_5) for OUTLINED_FUNCTION_5
    main.o(.text.main) refers to stm32f4xx_hal_adc.o(.text.HAL_ADC_GetValue) for HAL_ADC_GetValue
    main.o(.text.main) refers to stm32f4xx_hal.o(.text.HAL_GetTick) for HAL_GetTick
    main.o(.text.main) refers to main.o(.text.OUTLINED_FUNCTION_0) for OUTLINED_FUNCTION_0
    main.o(.text.main) refers to main.o(.text.OUTLINED_FUNCTION_3) for OUTLINED_FUNCTION_3
    main.o(.text.main) refers to main.o(.text.OUTLINED_FUNCTION_2) for OUTLINED_FUNCTION_2
    main.o(.text.main) refers to f2d.o(x$fpl$f2d) for __aeabi_f2d
    main.o(.text.main) refers to main.o(.text.OUTLINED_FUNCTION_1) for OUTLINED_FUNCTION_1
    main.o(.text.main) refers to daddsub_clz.o(x$fpl$dadd) for __aeabi_dadd
    main.o(.text.main) refers to d2f.o(x$fpl$d2f) for __aeabi_d2f
    main.o(.text.main) refers to my_dynamixel.o(.text.setServo_OperatingMode) for setServo_OperatingMode
    main.o(.text.main) refers to my_dynamixel.o(.text.getServo_CurrentLimit) for getServo_CurrentLimit
    main.o(.text.main) refers to my_dynamixel.o(.text.getServo_OperatingMode) for getServo_OperatingMode
    main.o(.text.main) refers to my_dynamixel.o(.text.setServo_TorqueENA) for setServo_TorqueENA
    main.o(.text.main) refers to my_dynamixel.o(.text.setServo_GoalCurrent) for setServo_GoalCurrent
    main.o(.text.main) refers to main.o(.text.getJointAngle) for getJointAngle
    main.o(.text.main) refers to my_dynamixel.o(.text.getServo_PresentCurrent) for getServo_PresentCurrent
[...]
    __arm_cp.2_9                             0x080025ec   Number         4  stm32f4xx_hal_tim.o(.text.TIM_Base_SetConfig)
    __arm_cp.2_10                            0x080025f0   Number         4  stm32f4xx_hal_tim.o(.text.TIM_Base_SetConfig)
    [Anonymous Symbol]                       0x080025f4   Section        0  stm32f4xx_hal_tim.o(.text.TIM_CCxChannelCmd)
    TIM_SlaveTimer_SetConfig                 0x08002615   Thumb Code   136  stm32f4xx_hal_tim.o(.text.TIM_SlaveTimer_SetConfig)
    [Anonymous Symbol]                       0x08002614   Section        0  stm32f4xx_hal_tim.o(.text.TIM_SlaveTimer_SetConfig)
    TIM_TI1_ConfigInputStage                 0x0800269d   Thumb Code    34  stm32f4xx_hal_tim.o(.text.TIM_TI1_ConfigInputStage)
    [Anonymous Symbol]                       0x0800269c   Section        0  stm32f4xx_hal_tim.o(.text.TIM_TI1_ConfigInputStage)
    [Anonymous Symbol]                       0x080026c0   Section        0  stm32f4xx_hal_tim.o(.text.TIM_TI1_SetConfig)
    __arm_cp.79_0                            0x08002720   Number         4  stm32f4xx_hal_tim.o(.text.TIM_TI1_SetConfig)
    __arm_cp.79_1                            0x08002724   Number         4  stm32f4xx_hal_tim.o(.text.TIM_TI1_SetConfig)
    __arm_cp.79_2                            0x08002728   Number         4  stm32f4xx_hal_tim.o(.text.TIM_TI1_SetConfig)
    __arm_cp.79_3                            0x0800272c   Number         4  stm32f4xx_hal_tim.o(.text.TIM_TI1_SetConfig)
    __arm_cp.79_4                            0x08002730   Number         4  stm32f4xx_hal_tim.o(.text.TIM_TI1_SetConfig)
    __arm_cp.79_5                            0x08002734   Number         4  stm32f4xx_hal_tim.o(.text.TIM_TI1_SetConfig)
    __arm_cp.79_6                            0x08002738   Number         4  stm32f4xx_hal_tim.o(.text.TIM_TI1_SetConfig)
    TIM_TI2_ConfigInputStage                 0x0800273d   Thumb Code    36  stm32f4xx_hal_tim.o(.text.TIM_TI2_ConfigInputStage)
    [Anonymous Symbol]                       0x0800273c   Section        0  stm32f4xx_hal_tim.o(.text.TIM_TI2_ConfigInputStage)
    TIM_TI2_SetConfig                        0x08002761   Thumb Code    50  stm32f4xx_hal_tim.o(.text.TIM_TI2_SetConfig)
    [Anonymous Symbol]                       0x08002760   Section        0  stm32f4xx_hal_tim.o(.text.TIM_TI2_SetConfig)
    UART_DMAAbortOnError                     0x08002793   Thumb Code    10  stm32f4xx_hal_uart.o(.text.UART_DMAAbortOnError)
    [Anonymous Symbol]                       0x08002792   Section        0  stm32f4xx_hal_uart.o(.text.UART_DMAAbortOnError)
    UART_DMAError                            0x0800279d   Thumb Code    76  stm32f4xx_hal_uart.o(.text.UART_DMAError)
    [Anonymous Symbol]                       0x0800279c   Section        0  stm32f4xx_hal_uart.o(.text.UART_DMAError)
    UART_DMAReceiveCplt                      0x080027e9   Thumb Code   114  stm32f4xx_hal_uart.o(.text.UART_DMAReceiveCplt)
    [Anonymous Symbol]                       0x080027e8   Section        0  stm32f4xx_hal_uart.o(.text.UART_DMAReceiveCplt)
    UART_DMARxHalfCplt                       0x0800285b   Thumb Code    24  stm32f4xx_hal_uart.o(.text.UART_DMARxHalfCplt)
    [Anonymous Symbol]                       0x0800285a   Section        0  stm32f4xx_hal_uart.o(.text.UART_DMARxHalfCplt)
    UART_DMATransmitCplt                     0x08002873   Thumb Code    60  stm32f4xx_hal_uart.o(.text.UART_DMATransmitCplt)
    [Anonymous Symbol]                       0x08002872   Section        0  stm32f4xx_hal_uart.o(.text.UART_DMATransmitCplt)
    UART_DMATxHalfCplt                       0x080028af   Thumb Code     6  stm32f4xx_hal_uart.o(.text.UART_DMATxHalfCplt)
    [Anonymous Symbol]                       0x080028ae   Section        0  stm32f4xx_hal_uart.o(.text.UART_DMATxHalfCplt)
    UART_EndRxTransfer                       0x080028b5   Thumb Code    66  stm32f4xx_hal_uart.o(.text.UART_EndRxTransfer)
    [Anonymous Symbol]                       0x080028b4   Section        0  stm32f4xx_hal_uart.o(.text.UART_EndRxTransfer)
    UART_EndTxTransfer                       0x080028f7   Thumb Code    28  stm32f4xx_hal_uart.o(.text.UART_EndTxTransfer)
    [Anonymous Symbol]                       0x080028f6   Section        0  stm32f4xx_hal_uart.o(.text.UART_EndTxTransfer)
    UART_Receive_IT                          0x08002913   Thumb Code   190  stm32f4xx_hal_uart.o(.text.UART_Receive_IT)
    [Anonymous Symbol]                       0x08002912   Section        0  stm32f4xx_hal_uart.o(.text.UART_Receive_IT)
    UART_SetConfig                           0x080029d1   Thumb Code   192  stm32f4xx_hal_uart.o(.text.UART_SetConfig)
    [Anonymous Symbol]                       0x080029d0   Section        0  stm32f4xx_hal_uart.o(.text.UART_SetConfig)
    __arm_cp.2_0                             0x08002a90   Number         4  stm32f4xx_hal_uart.o(.text.UART_SetConfig)
    __arm_cp.2_1                             0x08002a94   Number         4  stm32f4xx_hal_uart.o(.text.UART_SetConfig)
    [Anonymous Symbol]                       0x08002a98   Section        0  stm32f4xx_hal_uart.o(.text.UART_Start_Receive_DMA)
    __arm_cp.19_0                            0x08002b1c   Number         4  stm32f4xx_hal_uart.o(.text.UART_Start_Receive_DMA)
    __arm_cp.19_1                            0x08002b20   Number         4  stm32f4xx_hal_uart.o(.text.UART_Start_Receive_DMA)
    __arm_cp.19_2                            0x08002b24   Number         4  stm32f4xx_hal_uart.o(.text.UART_Start_Receive_DMA)
    [Anonymous Symbol]                       0x08002b28   Section        0  stm32f4xx_it.o(.text.USART6_IRQHandler)
    __arm_cp.11_0                            0x08002b30   Number         4  stm32f4xx_it.o(.text.USART6_IRQHandler)
    [Anonymous Symbol]                       0x08002b34   Section        0  stm32f4xx_it.o(.text.UsageFault_Handler)
    [Anonymous Symbol]                       0x08002b36   Section        0  my_dynamixel.o(.text.checkServoResponse)
    [Anonymous Symbol]                       0x08002bd0   Section        0  my_dynamixel.o(.text.clear_RX_buffer)
    [Anonymous Symbol]                       0x08002be8   Section        0  my_dynamixel.o(.text.clear_TX_buffer)
    __arm_cp.42_0                            0x08002bfc   Number         4  my_dynamixel.o(.text.clear_TX_buffer)
    [Anonymous Symbol]                       0x08002c00   Section        0  main.o(.text.compErrCalculate)
    [Anonymous Symbol]                       0x08002c60   Section        0  my_dynamixel.o(.text.dualTransferServo)
    __arm_cp.12_0                            0x08002cd8   Number         4  my_dynamixel.o(.text.dualTransferServo)
    [Anonymous Symbol]                       0x08002ce0   Section        0  main.o(.text.getJointAngle)
    __arm_cp.3_0                             0x08002ea8   Number         4  main.o(.text.getJointAngle)
    __arm_cp.3_1                             0x08002eac   Number         4  main.o(.text.getJointAngle)
    __arm_cp.3_2                             0x08002eb0   Number         4  main.o(.text.getJointAngle)
    __arm_cp.3_3                             0x08002eb4   Number         4  main.o(.text.getJointAngle)
    __arm_cp.3_9                             0x08002ec0   Number         4  main.o(.text.getJointAngle)
    [Anonymous Symbol]                       0x08002ee4   Section        0  my_dynamixel.o(.text.getServoResponse)
    __arm_cp.7_0                             0x08002f28   Number         4  my_dynamixel.o(.text.getServoResponse)
    [Anonymous Symbol]                       0x08002f2c   Section        0  my_dynamixel.o(.text.getServo_CurrentLimit)
    __arm_cp.26_0                            0x08002f48   Number         4  my_dynamixel.o(.text.getServo_CurrentLimit)
    [Anonymous Symbol]                       0x08002f4c   Section        0  my_dynamixel.o(.text.getServo_OperatingMode)
    __arm_cp.31_0                            0x08002f68   Number         4  my_dynamixel.o(.text.getServo_OperatingMode)
    [Anonymous Symbol]                       0x08002f70   Section        0  my_dynamixel.o(.text.getServo_PresentCurrent)
    __arm_cp.24_0                            0x08002fb0   Number         4  my_dynamixel.o(.text.getServo_PresentCurrent)
    [Anonymous Symbol]                       0x08002fb8   Section        0  my_dynamixel.o(.text.getServo_PresentPosition)
    __arm_cp.27_0                            0x08002ff0   Number         4  my_dynamixel.o(.text.getServo_PresentPosition)
    [Anonymous Symbol]                       0x08002ff8   Section        0  main.o(.text.main)
    __arm_cp.0_21                            0x080033d4   Number         4  main.o(.text.main)
    __arm_cp.0_25                            0x080033f0   Number         4  main.o(.text.main)
    __arm_cp.0_26                            0x080033f4   Number         4  main.o(.text.main)
    __arm_cp.0_27                            0x080033f8   Number         4  main.o(.text.main)
    __arm_cp.0_28                            0x080033fc   Number         4  main.o(.text.main)
    __arm_cp.0_29                            0x08003400   Number         4  main.o(.text.main)
    __arm_cp.0_1                             0x080035c4   Number         4  main.o(.text.main)
    __arm_cp.0_2                             0x080035c8   Number         4  main.o(.text.main)
    __arm_cp.0_3                             0x080035cc   Number         4  main.o(.text.main)
    __arm_cp.0_4                             0x080035d0   Number         4  main.o(.text.main)
    __arm_cp.0_5                             0x080035d4   Number         4  main.o(.text.main)
    __arm_cp.0_7                             0x080035d8   Number         4  main.o(.text.main)
    __arm_cp.0_8                             0x080035dc   Number         4  main.o(.text.main)
    [Anonymous Symbol]                       0x080035ec   Section        0  my_dynamixel.o(.text.sendServoCommand)
    __arm_cp.6_0                             0x08003650   Number         4  my_dynamixel.o(.text.sendServoCommand)
    [Anonymous Symbol]                       0x08003658   Section        0  my_dynamixel.o(.text.setServo_GoalCurrent)
    [Anonymous Symbol]                       0x08003688   Section        0  my_dynamixel.o(.text.setServo_OperatingMode)
    [Anonymous Symbol]                       0x0800369a   Section        0  my_dynamixel.o(.text.setServo_TorqueENA)
    [Anonymous Symbol]                       0x080036ac   Section        0  my_dynamixel.o(.text.updateCRC)
    __arm_cp.43_0                            0x080036d0   Number         4  my_dynamixel.o(.text.updateCRC)
    i.__hardfp_round                         0x080036d8   Section        0  round.o(i.__hardfp_round)
    $v0                                      0x080037b8   Number         0  d2f.o(x$fpl$d2f)
    x$fpl$d2f                                0x080037b8   Section       98  d2f.o(x$fpl$d2f)
    $v0                                      0x0800381c   Number         0  daddsub_clz.o(x$fpl$dadd)
    x$fpl$dadd                               0x0800381c   Section      336  daddsub_clz.o(x$fpl$dadd)
    _dadd1                                   0x0800382d   Thumb Code     0  daddsub_clz.o(x$fpl$dadd)
    $v0                                      0x0800396c   Number         0  dcmpi.o(x$fpl$dcmpinf)
    x$fpl$dcmpinf                            0x0800396c   Section       24  dcmpi.o(x$fpl$dcmpinf)
    $v0                                      0x08003984   Number         0  ddiv.o(x$fpl$ddiv)
    x$fpl$ddiv                               0x08003984   Section      692  ddiv.o(x$fpl$ddiv)
    ddiv_entry                               0x0800398b   Thumb Code     0  ddiv.o(x$fpl$ddiv)
    $v0                                      0x08003c38   Number         0  dfix.o(x$fpl$dfix)
    x$fpl$dfix                               0x08003c38   Section       94  dfix.o(x$fpl$dfix)
    $v0                                      0x08003c96   Number         0  dflt_clz.o(x$fpl$dflt)
    x$fpl$dflt                               0x08003c96   Section       46  dflt_clz.o(x$fpl$dflt)
    $v0                                      0x08003cc4   Number         0  dleqf.o(x$fpl$dleqf)
    x$fpl$dleqf                              0x08003cc4   Section      120  dleqf.o(x$fpl$dleqf)
    $v0                                      0x08003d3c   Number         0  dmul.o(x$fpl$dmul)
    x$fpl$dmul                               0x08003d3c   Section      340  dmul.o(x$fpl$dmul)
    $v0                                      0x08003e90   Number         0  dnaninf.o(x$fpl$dnaninf)
    x$fpl$dnaninf                            0x08003e90   Section      156  dnaninf.o(x$fpl$dnaninf)
    $v0                                      0x08003f2c   Number         0  dretinf.o(x$fpl$dretinf)
    x$fpl$dretinf                            0x08003f2c   Section       12  dretinf.o(x$fpl$dretinf)
    $v0                                      0x08003f38   Number         0  drleqf.o(x$fpl$drleqf)
    x$fpl$drleqf                             0x08003f38   Section      108  drleqf.o(x$fpl$drleqf)
    $v0                                      0x08003fa4   Number         0  drnd.o(x$fpl$drnd)
    x$fpl$drnd                               0x08003fa4   Section      180  drnd.o(x$fpl$drnd)
    $v0                                      0x08004058   Number         0  daddsub_clz.o(x$fpl$dsub)
    x$fpl$dsub                               0x08004058   Section      476  daddsub_clz.o(x$fpl$dsub)
    _dsub1                                   0x08004069   Thumb Code     0  daddsub_clz.o(x$fpl$dsub)
    $v0                                      0x08004234   Number         0  f2d.o(x$fpl$f2d)
    x$fpl$f2d                                0x08004234   Section       86  f2d.o(x$fpl$f2d)
    $v0                                      0x0800428a   Number         0  fnaninf.o(x$fpl$fnaninf)
    x$fpl$fnaninf                            0x0800428a   Section      140  fnaninf.o(x$fpl$fnaninf)
    $v0                                      0x08004316   Number         0  fpinit.o(x$fpl$fpinit)
    x$fpl$fpinit                             0x08004316   Section       26  fpinit.o(x$fpl$fpinit)
    $v0                                      0x08004330   Number         0  fretinf.o(x$fpl$fretinf)
    x$fpl$fretinf                            0x08004330   Section       10  fretinf.o(x$fpl$fretinf)
    x$fpl$usenofp                            0x0800433a   Section        0  usenofp.o(x$fpl$usenofp)
    updateCRC.crc_table                      0x08004352   Data         512  my_dynamixel.o(.rodata.updateCRC.crc_table)
    [Anonymous Symbol]                       0x08004352   Section        0  my_dynamixel.o(.rodata.updateCRC.crc_table)
    [Anonymous Symbol]                       0x20000000   Section        0  stm32f4xx_hal.o(.data..L_MergedGlobals)
    .bss                                     0x20000010   Section       96  libspace.o(.bss)
    [Anonymous Symbol]                       0x20000070   Section        0  main.o(.bss..L_MergedGlobals)
    [Anonymous Symbol]                       0x200000ec   Section        0  main.o(.bss..L_MergedGlobals.1)
    Heap_Mem                                 0x200003c0   Data         512  startup_stm32f407xx.o(HEAP)
    HEAP                                     0x200003c0   Section      512  startup_stm32f407xx.o(HEAP)
    Stack_Mem                                0x200005c0   Data        1024  startup_stm32f407xx.o(STACK)
    STACK                                    0x200005c0   Section     1024  startup_stm32f407xx.o(STACK)
    __initial_sp                             0x200009c0   Data           0  startup_stm32f407xx.o(STACK)

    Global Symbols

    Symbol Name                              Value     Ov Type        Size  Object(Section)

    BuildAttributes$$THM_ISAv4$E$P$D$K$B$S$7EM$VFPi3$EXTD16$VFPS$VFMA$PE$A:L22UL41UL21$X:L11$S22US41US21$IEEE1$IW$~IW$USESV6$~STKCKD$USESV7$~SHL$OTIME$ROPI$IEEEJ$EBA8$UX$STANDARDLIB$REQ8$PRES8$EABIv2 0x00000000   Number         0  anon$$obj.o ABSOLUTE
    __ARM_exceptions_init                     - Undefined Weak Reference
    __alloca_initialize                       - Undefined Weak Reference
    __arm_preinit_                            - Undefined Weak Reference
    __arm_relocate_pie_                       - Undefined Weak Reference
    __cpp_initialize__aeabi_                  - Undefined Weak Reference
    __cxa_finalize                            - Undefined Weak Reference
    __rt_locale                               - Undefined Weak Reference
    __sigvec_lookup                           - Undefined Weak Reference
    _atexit_init                              - Undefined Weak Reference
    _call_atexit_fns                          - Undefined Weak Reference
    _clock_init                               - Undefined Weak Reference
    _fp_trap_init                             - Undefined Weak Reference
    _fp_trap_shutdown                         - Undefined Weak Reference
    _get_lc_collate                           - Undefined Weak Reference
    _get_lc_ctype                             - Undefined Weak Reference
    _get_lc_monetary                          - Undefined Weak Reference
    _get_lc_numeric                           - Undefined Weak Reference
    _get_lc_time                              - Undefined Weak Reference
    _getenv_init                              - Undefined Weak Reference
    _handle_redirection                       - Undefined Weak Reference
    _init_alloc                               - Undefined Weak Reference
    _init_user_alloc                          - Undefined Weak Reference
    _initio                                   - Undefined Weak Reference
    _rand_init                                - Undefined Weak Reference
    _signal_finish                            - Undefined Weak Reference
    _signal_init                              - Undefined Weak Reference
    _terminate_alloc                          - Undefined Weak Reference
    _terminate_user_alloc                     - Undefined Weak Reference
    _terminateio                              - Undefined Weak Reference
    __Vectors_Size                           0x00000188   Number         0  startup_stm32f407xx.o ABSOLUTE
    __Vectors                                0x08000000   Data           4  startup_stm32f407xx.o(RESET)
    __Vectors_End                            0x08000188   Data           0  startup_stm32f407xx.o(RESET)
    __main                                   0x08000189   Thumb Code     8  __main.o(!!!main)
    __scatterload                            0x08000191   Thumb Code     0  __scatter.o(!!!scatter)
    __scatterload_rt2                        0x08000191   Thumb Code    44  __scatter.o(!!!scatter)
    __scatterload_rt2_thumb_only             0x08000191   Thumb Code     0  __scatter.o(!!!scatter)
    __scatterload_null                       0x0800019f   Thumb Code     0  __scatter.o(!!!scatter)
    __scatterload_copy                       0x080001c5   Thumb Code    26  __scatter_copy.o(!!handler_copy)
    __scatterload_zeroinit                   0x080001e1   Thumb Code    28  __scatter_zi.o(!!handler_zi)
    __rt_lib_init                            0x080001fd   Thumb Code     0  libinit.o(.ARM.Collect$$libinit$$00000000)
    __rt_lib_init_fp_1                       0x080001ff   Thumb Code     0  libinit2.o(.ARM.Collect$$libinit$$00000001)
    __rt_lib_init_alloca_1                   0x08000203   Thumb Code     0  libinit2.o(.ARM.Collect$$libinit$$00000030)
    __rt_lib_init_argv_1                     0x08000203   Thumb Code     0  libinit2.o(.ARM.Collect$$libinit$$0000002E)
    __rt_lib_init_atexit_1                   0x08000203   Thumb Code     0  libinit2.o(.ARM.Collect$$libinit$$0000001D)
    __rt_lib_init_clock_1                    0x08000203   Thumb Code     0  libinit2.o(.ARM.Collect$$libinit$$00000023)
    __rt_lib_init_cpp_1                      0x08000203   Thumb Code     0  libinit2.o(.ARM.Collect$$libinit$$00000034)
    __rt_lib_init_exceptions_1               0x08000203   Thumb Code     0  libinit2.o(.ARM.Collect$$libinit$$00000032)
    __rt_lib_init_fp_trap_1                  0x08000203   Thumb Code     0  libinit2.o(.ARM.Collect$$libinit$$00000021)
    __rt_lib_init_getenv_1                   0x08000203   Thumb Code     0  libinit2.o(.ARM.Collect$$libinit$$00000025)
    __rt_lib_init_heap_1                     0x08000203   Thumb Code     0  libinit2.o(.ARM.Collect$$libinit$$0000000C)
    __rt_lib_init_lc_collate_1               0x08000203   Thumb Code     0  libinit2.o(.ARM.Collect$$libinit$$00000013)
    __rt_lib_init_lc_ctype_1                 0x08000203   Thumb Code     0  libinit2.o(.ARM.Collect$$libinit$$00000015)
    __rt_lib_init_lc_monetary_1              0x08000203   Thumb Code     0  libinit2.o(.ARM.Collect$$libinit$$00000017)
    __rt_lib_init_lc_numeric_1               0x08000203   Thumb Code     0  libinit2.o(.ARM.Collect$$libinit$$00000019)
    __rt_lib_init_lc_time_1                  0x08000203   Thumb Code     0  libinit2.o(.ARM.Collect$$libinit$$0000001B)
    __rt_lib_init_preinit_1                  0x08000203   Thumb Code     0  libinit2.o(.ARM.Collect$$libinit$$00000006)
    __rt_lib_init_rand_1                     0x08000203   Thumb Code     0  libinit2.o(.ARM.Collect$$libinit$$00000010)
    __rt_lib_init_relocate_pie_1             0x08000203   Thumb Code     0  libinit2.o(.ARM.Collect$$libinit$$00000004)
    __rt_lib_init_return                     0x08000203   Thumb Code     0  libinit2.o(.ARM.Collect$$libinit$$00000035)
    __rt_lib_init_signal_1                   0x08000203   Thumb Code     0  libinit2.o(.ARM.Collect$$libinit$$0000001F)
    __rt_lib_init_stdio_1                    0x08000203   Thumb Code     0  libinit2.o(.ARM.Collect$$libinit$$00000027)
    __rt_lib_init_user_alloc_1               0x08000203   Thumb Code     0  libinit2.o(.ARM.Collect$$libinit$$0000000E)
    __rt_lib_shutdown                        0x08000205   Thumb Code     0  libshutdown.o(.ARM.Collect$$libshutdown$$00000000)
    __rt_lib_shutdown_cpp_1                  0x08000207   Thumb Code     0  libshutdown2.o(.ARM.Collect$$libshutdown$$00000002)
    __rt_lib_shutdown_fp_trap_1              0x08000207   Thumb Code     0  libshutdown2.o(.ARM.Collect$$libshutdown$$00000007)
    __rt_lib_shutdown_heap_1                 0x08000207   Thumb Code     0  libshutdown2.o(.ARM.Collect$$libshutdown$$0000000F)
    __rt_lib_shutdown_return                 0x08000207   Thumb Code     0  libshutdown2.o(.ARM.Collect$$libshutdown$$00000010)
    __rt_lib_shutdown_signal_1               0x08000207   Thumb Code     0  libshutdown2.o(.ARM.Collect$$libshutdown$$0000000A)
    __rt_lib_shutdown_stdio_1                0x08000207   Thumb Code     0  libshutdown2.o(.ARM.Collect$$libshutdown$$00000004)
    __rt_lib_shutdown_user_alloc_1           0x08000207   Thumb Code     0  libshutdown2.o(.ARM.Collect$$libshutdown$$0000000C)
    __rt_entry                               0x08000209   Thumb Code     0  __rtentry.o(.ARM.Collect$$rtentry$$00000000)
    __rt_entry_presh_1                       0x08000209   Thumb Code     0  __rtentry2.o(.ARM.Collect$$rtentry$$00000002)
    __rt_entry_sh                            0x08000209   Thumb Code     0  __rtentry4.o(.ARM.Collect$$rtentry$$00000004)
    __rt_entry_li                            0x0800020f   Thumb Code     0  __rtentry2.o(.ARM.Collect$$rtentry$$0000000A)
    __rt_entry_postsh_1                      0x0800020f   Thumb Code     0  __rtentry2.o(.ARM.Collect$$rtentry$$00000009)
    __rt_entry_main                          0x08000213   Thumb Code     0  __rtentry2.o(.ARM.Collect$$rtentry$$0000000D)
    __rt_entry_postli_1                      0x08000213   Thumb Code     0  __rtentry2.o(.ARM.Collect$$rtentry$$0000000C)
    __rt_exit                                0x0800021b   Thumb Code     0  rtexit.o(.ARM.Collect$$rtexit$$00000000)
    __rt_exit_ls                             0x0800021d   Thumb Code     0  rtexit2.o(.ARM.Collect$$rtexit$$00000003)
    __rt_exit_prels_1                        0x0800021d   Thumb Code     0  rtexit2.o(.ARM.Collect$$rtexit$$00000002)
    __rt_exit_exit                           0x08000221   Thumb Code     0  rtexit2.o(.ARM.Collect$$rtexit$$00000004)
    Reset_Handler                            0x08000229   Thumb Code     8  startup_stm32f407xx.o(.text)
    ADC_IRQHandler                           0x08000243   Thumb Code     0  startup_stm32f407xx.o(.text)
    CAN1_RX0_IRQHandler                      0x08000243   Thumb Code     0  startup_stm32f407xx.o(.text)
    CAN1_RX1_IRQHandler                      0x08000243   Thumb Code     0  startup_stm32f407xx.o(.text)
    CAN1_SCE_IRQHandler                      0x08000243   Thumb Code     0  startup_stm32f407xx.o(.text)
    CAN1_TX_IRQHandler                       0x08000243   Thumb Code     0  startup_stm32f407xx.o(.text)
    CAN2_RX0_IRQHandler                      0x08000243   Thumb Code     0  startup_stm32f407xx.o(.text)
    CAN2_RX1_IRQHandler                      0x08000243   Thumb Code     0  startup_stm32f407xx.o(.text)
    CAN2_SCE_IRQHandler                      0x08000243   Thumb Code     0  startup_stm32f407xx.o(.text)
    CAN2_TX_IRQHandler                       0x08000243   Thumb Code     0  startup_stm32f407xx.o(.text)
    DCMI_IRQHandler                          0x08000243   Thumb Code     0  startup_stm32f407xx.o(.text)
    DMA1_Stream0_IRQHandler                  0x08000243   Thumb Code     0  startup_stm32f407xx.o(.text)
    DMA1_Stream1_IRQHandler                  0x08000243   Thumb Code     0  startup_stm32f407xx.o(.text)
    DMA1_Stream2_IRQHandler                  0x08000243   Thumb Code     0  startup_stm32f407xx.o(.text)
    DMA1_Stream3_IRQHandler                  0x08000243   Thumb Code     0  startup_stm32f407xx.o(.text)
    DMA1_Stream4_IRQHandler                  0x08000243   Thumb Code     0  startup_stm32f407xx.o(.text)
    DMA1_Stream5_IRQHandler                  0x08000243   Thumb Code     0  startup_stm32f407xx.o(.text)
    DMA1_Stream6_IRQHandler                  0x08000243   Thumb Code     0  startup_stm32f407xx.o(.text)
    DMA1_Stream7_IRQHandler                  0x08000243   Thumb Code     0  startup_stm32f407xx.o(.text)
    DMA2_Stream0_IRQHandler                  0x08000243   Thumb Code     0  startup_stm32f407xx.o(.text)
    DMA2_Stream2_IRQHandler                  0x08000243   Thumb Code     0  startup_stm32f407xx.o(.text)
    DMA2_Stream3_IRQHandler                  0x08000243   Thumb Code     0  startup_stm32f407xx.o(.text)
    DMA2_Stream4_IRQHandler                  0x08000243   Thumb Code     0  startup_stm32f407xx.o(.text)
    DMA2_Stream5_IRQHandler                  0x08000243   Thumb Code     0  startup_stm32f407xx.o(.text)
    DMA2_Stream7_IRQHandler                  0x08000243   Thumb Code     0  startup_stm32f407xx.o(.text)
    ETH_IRQHandler                           0x08000243   Thumb Code     0  startup_stm32f407xx.o(.text)
    ETH_WKUP_IRQHandler                      0x08000243   Thumb Code     0  startup_stm32f407xx.o(.text)
    EXTI0_IRQHandler                         0x08000243   Thumb Code     0  startup_stm32f407xx.o(.text)
    EXTI15_10_IRQHandler                     0x08000243   Thumb Code     0  startup_stm32f407xx.o(.text)
    EXTI1_IRQHandler                         0x08000243   Thumb Code     0  startup_stm32f407xx.o(.text)
    EXTI2_IRQHandler                         0x08000243   Thumb Code     0  startup_stm32f407xx.o(.text)
    EXTI3_IRQHandler                         0x08000243   Thumb Code     0  startup_stm32f407xx.o(.text)
    EXTI4_IRQHandler                         0x08000243   Thumb Code     0  startup_stm32f407xx.o(.text)
    EXTI9_5_IRQHandler                       0x08000243   Thumb Code     0  startup_stm32f407xx.o(.text)
    FLASH_IRQHandler                         0x08000243   Thumb Code     0  startup_stm32f407xx.o(.text)
    FMC_IRQHandler                           0x08000243   Thumb Code     0  startup_stm32f407xx.o(.text)
    FPU_IRQHandler                           0x08000243   Thumb Code     0  startup_stm32f407xx.o(.text)
    HASH_RNG_IRQHandler                      0x08000243   Thumb Code     0  startup_stm32f407xx.o(.text)
    I2C1_ER_IRQHandler                       0x08000243   Thumb Code     0  startup_stm32f407xx.o(.text)
    I2C1_EV_IRQHandler                       0x08000243   Thumb Code     0  startup_stm32f407xx.o(.text)
    I2C2_ER_IRQHandler                       0x08000243   Thumb Code     0  startup_stm32f407xx.o(.text)
    I2C2_EV_IRQHandler                       0x08000243   Thumb Code     0  startup_stm32f407xx.o(.text)
    I2C3_ER_IRQHandler                       0x08000243   Thumb Code     0  startup_stm32f407xx.o(.text)
    I2C3_EV_IRQHandler                       0x08000243   Thumb Code     0  startup_stm32f407xx.o(.text)
    OTG_FS_IRQHandler                        0x08000243   Thumb Code     0  startup_stm32f407xx.o(.text)
    OTG_FS_WKUP_IRQHandler                   0x08000243   Thumb Code     0  startup_stm32f407xx.o(.text)
    OTG_HS_EP1_IN_IRQHandler                 0x08000243   Thumb Code     0  startup_stm32f407xx.o(.text)
    OTG_HS_EP1_OUT_IRQHandler                0x08000243   Thumb Code     0  startup_stm32f407xx.o(.text)
    OTG_HS_IRQHandler                        0x08000243   Thumb Code     0  startup_stm32f407xx.o(.text)
    OTG_HS_WKUP_IRQHandler                   0x08000243   Thumb Code     0  startup_stm32f407xx.o(.text)
    PVD_IRQHandler                           0x08000243   Thumb Code     0  startup_stm32f407xx.o(.text)
    RCC_IRQHandler                           0x08000243   Thumb Code     0  startup_stm32f407xx.o(.text)
    RTC_Alarm_IRQHandler                     0x08000243   Thumb Code     0  startup_stm32f407xx.o(.text)
    RTC_WKUP_IRQHandler                      0x08000243   Thumb Code     0  startup_stm32f407xx.o(.text)
    SDIO_IRQHandler                          0x08000243   Thumb Code     0  startup_stm32f407xx.o(.text)
    SPI1_IRQHandler                          0x08000243   Thumb Code     0  startup_stm32f407xx.o(.text)
    SPI2_IRQHandler                          0x08000243   Thumb Code     0  startup_stm32f407xx.o(.text)
    SPI3_IRQHandler                          0x08000243   Thumb Code     0  startup_stm32f407xx.o(.text)
    TAMP_STAMP_IRQHandler                    0x08000243   Thumb Code     0  startup_stm32f407xx.o(.text)
    TIM1_BRK_TIM9_IRQHandler                 0x08000243   Thumb Code     0  startup_stm32f407xx.o(.text)
    TIM1_CC_IRQHandler                       0x08000243   Thumb Code     0  startup_stm32f407xx.o(.text)
    TIM1_TRG_COM_TIM11_IRQHandler            0x08000243   Thumb Code     0  startup_stm32f407xx.o(.text)
    TIM1_UP_TIM10_IRQHandler                 0x08000243   Thumb Code     0  startup_stm32f407xx.o(.text)
    TIM2_IRQHandler                          0x08000243   Thumb Code     0  startup_stm32f407xx.o(.text)
    TIM3_IRQHandler                          0x08000243   Thumb Code     0  startup_stm32f407xx.o(.text)
    TIM4_IRQHandler                          0x08000243   Thumb Code     0  startup_stm32f407xx.o(.text)
    TIM5_IRQHandler                          0x08000243   Thumb Code     0  startup_stm32f407xx.o(.text)
    TIM6_DAC_IRQHandler                      0x08000243   Thumb Code     0  startup_stm32f407xx.o(.text)
    TIM7_IRQHandler                          0x08000243   Thumb Code     0  startup_stm32f407xx.o(.text)
    TIM8_BRK_TIM12_IRQHandler                0x08000243   Thumb Code     0  startup_stm32f407xx.o(.text)
    TIM8_CC_IRQHandler                       0x08000243   Thumb Code     0  startup_stm32f407xx.o(.text)
    TIM8_TRG_COM_TIM14_IRQHandler            0x08000243   Thumb Code     0  startup_stm32f407xx.o(.text)
    TIM8_UP_TIM13_IRQHandler                 0x08000243   Thumb Code     0  startup_stm32f407xx.o(.text)
    UART4_IRQHandler                         0x08000243   Thumb Code     0  startup_stm32f407xx.o(.text)
    UART5_IRQHandler                         0x08000243   Thumb Code     0  startup_stm32f407xx.o(.text)
    USART1_IRQHandler                        0x08000243   Thumb Code     0  startup_stm32f407xx.o(.text)
    USART2_IRQHandler                        0x08000243   Thumb Code     0  startup_stm32f407xx.o(.text)
    USART3_IRQHandler                        0x08000243   Thumb Code     0  startup_stm32f407xx.o(.text)
    WWDG_IRQHandler                          0x08000243   Thumb Code     0  startup_stm32f407xx.o(.text)
    __user_initial_stackheap                 0x08000245   Thumb Code     0  startup_stm32f407xx.o(.text)
    __aeabi_uldivmod                         0x08000269   Thumb Code     0  lludivv7m.o(.text)
    _ll_udiv                                 0x08000269   Thumb Code   240  lludivv7m.o(.text)
    __aeabi_memclr4                          0x08000359   Thumb Code     0  rt_memclr_w.o(.text)
    __aeabi_memclr8                          0x08000359   Thumb Code     0  rt_memclr_w.o(.text)
    __rt_memclr_w                            0x08000359   Thumb Code     0  rt_memclr_w.o(.text)
    _memset_w                                0x0800035d   Thumb Code    74  rt_memclr_w.o(.text)
    __use_two_region_memory                  0x080003a7   Thumb Code     2  heapauxi.o(.text)
    __rt_heap_escrow$2region                 0x080003a9   Thumb Code     2  heapauxi.o(.text)
    __rt_heap_expand$2region                 0x080003ab   Thumb Code     2  heapauxi.o(.text)
    __user_setup_stackheap                   0x080003ad   Thumb Code    74  sys_stackheap_outer.o(.text)
    exit                                     0x080003f7   Thumb Code    18  exit.o(.text)
    __user_libspace                          0x08000409   Thumb Code     8  libspace.o(.text)
    __user_perproc_libspace                  0x08000409   Thumb Code     0  libspace.o(.text)
    __user_perthread_libspace                0x08000409   Thumb Code     0  libspace.o(.text)
    _sys_exit                                0x08000411   Thumb Code     8  sys_exit.o(.text)
    __I$use$semihosting                      0x0800041d   Thumb Code     0  use_no_semi.o(.text)
    __use_no_semihosting_swi                 0x0800041d   Thumb Code     2  use_no_semi.o(.text)
    BusFault_Handler                         0x0800041f   Thumb Code     2  stm32f4xx_it.o(.text.BusFault_Handler)
    __semihosting_library_function           0x0800041f   Thumb Code     0  indicate_semi.o(.text)
    DMA2_Stream1_IRQHandler                  0x08000421   Thumb Code     8  stm32f4xx_it.o(.text.DMA2_Stream1_IRQHandler)
    DMA2_Stream6_IRQHandler                  0x0800042d   Thumb Code     8  stm32f4xx_it.o(.text.DMA2_Stream6_IRQHandler)
    DXL_AssignRxBufferToServo                0x0800048d   Thumb Code    32  my_dynamixel.o(.text.DXL_AssignRxBufferToServo)
    DXL_InitServo                            0x080004b1   Thumb Code    12  my_dynamixel.o(.text.DXL_InitServo)
    DXL_SetServoResponse_RxFinished          0x080004bd   Thumb Code     6  my_dynamixel.o(.text.DXL_SetServoResponse_RxFinished)
    DXL_SetTxFinished                        0x080004c5   Thumb Code     8  my_dynamixel.o(.text.DXL_SetTxFinished)
    DebugMon_Handler                         0x080004d1   Thumb Code     2  stm32f4xx_it.o(.text.DebugMon_Handler)
    Error_Handler                            0x080004d3   Thumb Code     4  main.o(.text.Error_Handler)
    HAL_ADC_ConfigChannel                    0x080004d9   Thumb Code   260  stm32f4xx_hal_adc.o(.text.HAL_ADC_ConfigChannel)
    HAL_ADC_GetValue                         0x080005dd   Thumb Code     6  stm32f4xx_hal_adc.o(.text.HAL_ADC_GetValue)
    HAL_ADC_Init                             0x080005e5   Thumb Code   308  stm32f4xx_hal_adc.o(.text.HAL_ADC_Init)
    HAL_ADC_MspInit                          0x08000729   Thumb Code    84  adc.o(.text.HAL_ADC_MspInit)
    HAL_ADC_PollForConversion                0x08000781   Thumb Code   140  stm32f4xx_hal_adc.o(.text.HAL_ADC_PollForConversion)
    HAL_ADC_Start                            0x0800080d   Thumb Code   200  stm32f4xx_hal_adc.o(.text.HAL_ADC_Start)
    HAL_DMA_Abort                            0x080008e9   Thumb Code   122  stm32f4xx_hal_dma.o(.text.HAL_DMA_Abort)
    HAL_DMA_Abort_IT                         0x08000963   Thumb Code    36  stm32f4xx_hal_dma.o(.text.HAL_DMA_Abort_IT)
    HAL_DMA_DeInit                           0x08000987   Thumb Code    86  stm32f4xx_hal_dma.o(.text.HAL_DMA_DeInit)
    HAL_DMA_IRQHandler                       0x080009dd   Thumb Code   344  stm32f4xx_hal_dma.o(.text.HAL_DMA_IRQHandler)
    HAL_DMA_Init                             0x08000b39   Thumb Code   252  stm32f4xx_hal_dma.o(.text.HAL_DMA_Init)
    HAL_DMA_Start_IT                         0x08000c39   Thumb Code    92  stm32f4xx_hal_dma.o(.text.HAL_DMA_Start_IT)
    HAL_Delay                                0x08000c95   Thumb Code    32  stm32f4xx_hal.o(.text.HAL_Delay)
    HAL_GPIO_DeInit                          0x08000cb5   Thumb Code   216  stm32f4xx_hal_gpio.o(.text.HAL_GPIO_DeInit)
    HAL_GPIO_Init                            0x08000d8d   Thumb Code   380  stm32f4xx_hal_gpio.o(.text.HAL_GPIO_Init)
    HAL_GPIO_TogglePin                       0x08000f21   Thumb Code    16  stm32f4xx_hal_gpio.o(.text.HAL_GPIO_TogglePin)
    HAL_GPIO_WritePin                        0x08000f31   Thumb Code    10  stm32f4xx_hal_gpio.o(.text.HAL_GPIO_WritePin)
    HAL_GetTick                              0x08000f3d   Thumb Code     8  stm32f4xx_hal.o(.text.HAL_GetTick)
    HAL_IncTick                              0x08000f45   Thumb Code    16  stm32f4xx_hal.o(.text.HAL_IncTick)
    HAL_Init                                 0x08000f59   Thumb Code    48  stm32f4xx_hal.o(.text.HAL_Init)
    HAL_InitTick                             0x08000f8d   Thumb Code    56  stm32f4xx_hal.o(.text.HAL_InitTick)
    HAL_MspInit                              0x08000fc9   Thumb Code    56  stm32f4xx_hal_msp.o(.text.HAL_MspInit)
    HAL_NVIC_DisableIRQ                      0x08001005   Thumb Code    40  stm32f4xx_hal_cortex.o(.text.HAL_NVIC_DisableIRQ)
    HAL_NVIC_EnableIRQ                       0x08001031   Thumb Code    32  stm32f4xx_hal_cortex.o(.text.HAL_NVIC_EnableIRQ)
    HAL_NVIC_SetPriority                     0x08001055   Thumb Code    72  stm32f4xx_hal_cortex.o(.text.HAL_NVIC_SetPriority)
    HAL_NVIC_SetPriorityGrouping             0x080010a1   Thumb Code    24  stm32f4xx_hal_cortex.o(.text.HAL_NVIC_SetPriorityGrouping)
    HAL_RCC_ClockConfig                      0x080010c1   Thumb Code   264  stm32f4xx_hal_rcc.o(.text.HAL_RCC_ClockConfig)
    HAL_RCC_GetPCLK1Freq                     0x080011d5   Thumb Code    20  stm32f4xx_hal_rcc.o(.text.HAL_RCC_GetPCLK1Freq)
    HAL_RCC_GetPCLK2Freq                     0x080011e9   Thumb Code    20  stm32f4xx_hal_rcc.o(.text.HAL_RCC_GetPCLK2Freq)
    HAL_RCC_GetSysClockFreq                  0x08001209   Thumb Code    80  stm32f4xx_hal_rcc.o(.text.HAL_RCC_GetSysClockFreq)
    HAL_RCC_OscConfig                        0x08001265   Thumb Code   796  stm32f4xx_hal_rcc.o(.text.HAL_RCC_OscConfig)
    HAL_SYSTICK_Config                       0x0800158d   Thumb Code    32  stm32f4xx_hal_cortex.o(.text.HAL_SYSTICK_Config)
    HAL_TIMEx_MasterConfigSynchronization    0x080015b5   Thumb Code   108  stm32f4xx_hal_tim_ex.o(.text.HAL_TIMEx_MasterConfigSynchronization)
    HAL_TIM_IC_ConfigChannel                 0x08001621   Thumb Code   234  stm32f4xx_hal_tim.o(.text.HAL_TIM_IC_ConfigChannel)
    HAL_TIM_IC_Init                          0x0800170b   Thumb Code    30  stm32f4xx_hal_tim.o(.text.HAL_TIM_IC_Init)
    HAL_TIM_IC_MspInit                       0x08001729   Thumb Code   108  tim.o(.text.HAL_TIM_IC_MspInit)
    HAL_TIM_IC_Start                         0x0800179d   Thumb Code   176  stm32f4xx_hal_tim.o(.text.HAL_TIM_IC_Start)
    HAL_TIM_ReadCapturedValue                0x08001869   Thumb Code    46  stm32f4xx_hal_tim.o(.text.HAL_TIM_ReadCapturedValue)
    HAL_TIM_SlaveConfigSynchro               0x08001897   Thumb Code    44  stm32f4xx_hal_tim.o(.text.HAL_TIM_SlaveConfigSynchro)
    HAL_UARTEx_RxEventCallback               0x080018c3   Thumb Code     2  stm32f4xx_hal_uart.o(.text.HAL_UARTEx_RxEventCallback)
    HAL_UART_DeInit                          0x080018c5   Thumb Code    54  stm32f4xx_hal_uart.o(.text.HAL_UART_DeInit)
    HAL_UART_ErrorCallback                   0x080018fb   Thumb Code     2  stm32f4xx_hal_uart.o(.text.HAL_UART_ErrorCallback)
    HAL_UART_IRQHandler                      0x080018fd   Thumb Code   576  stm32f4xx_hal_uart.o(.text.HAL_UART_IRQHandler)
    HAL_UART_Init                            0x08001b41   Thumb Code    44  stm32f4xx_hal_uart.o(.text.HAL_UART_Init)
    HAL_UART_MspDeInit                       0x08001b6d   Thumb Code    56  usart.o(.text.HAL_UART_MspDeInit)
    HAL_UART_MspInit                         0x08001ba9   Thumb Code   208  usart.o(.text.HAL_UART_MspInit)
    HAL_UART_Receive_DMA                     0x08001c85   Thumb Code    28  stm32f4xx_hal_uart.o(.text.HAL_UART_Receive_DMA)
    HAL_UART_RxCpltCallback                  0x08001ca1   Thumb Code    36  main.o(.text.HAL_UART_RxCpltCallback)
    HAL_UART_RxHalfCpltCallback              0x08001cc9   Thumb Code     2  stm32f4xx_hal_uart.o(.text.HAL_UART_RxHalfCpltCallback)
    HAL_UART_Transmit_DMA                    0x08001ccd   Thumb Code   108  stm32f4xx_hal_uart.o(.text.HAL_UART_Transmit_DMA)
    HAL_UART_TxCpltCallback                  0x08001d45   Thumb Code    16  main.o(.text.HAL_UART_TxCpltCallback)
    HAL_UART_TxHalfCpltCallback              0x08001d59   Thumb Code     2  stm32f4xx_hal_uart.o(.text.HAL_UART_TxHalfCpltCallback)
    HardFault_Handler                        0x08001d5b   Thumb Code     2  stm32f4xx_it.o(.text.HardFault_Handler)
    MX_ADC1_Init                             0x08001d5d   Thumb Code    80  adc.o(.text.MX_ADC1_Init)
    MX_DMA_Init                              0x08001db9   Thumb Code    64  dma.o(.text.MX_DMA_Init)
    MX_GPIO_Init                             0x08001df9   Thumb Code   432  gpio.o(.text.MX_GPIO_Init)
    MX_TIM3_Init                             0x08001fb9   Thumb Code   120  tim.o(.text.MX_TIM3_Init)
    MX_TIM4_Init                             0x08002039   Thumb Code   124  tim.o(.text.MX_TIM4_Init)
    MX_USART6_UART_Init                      0x080020bd   Thumb Code    44  usart.o(.text.MX_USART6_UART_Init)
    MemManage_Handler                        0x080020f5   Thumb Code     2  stm32f4xx_it.o(.text.MemManage_Handler)
    NMI_Handler                              0x080020f7   Thumb Code     2  stm32f4xx_it.o(.text.NMI_Handler)
    PendSV_Handler                           0x08002477   Thumb Code     2  stm32f4xx_it.o(.text.PendSV_Handler)
    SVC_Handler                              0x08002479   Thumb Code     2  stm32f4xx_it.o(.text.SVC_Handler)
    SysTick_Handler                          0x0800247b   Thumb Code     4  stm32f4xx_it.o(.text.SysTick_Handler)
    SystemClock_Config                       0x08002481   Thumb Code   152  main.o(.text.SystemClock_Config)
    SystemInit                               0x08002521   Thumb Code    12  system_stm32f4xx.o(.text.SystemInit)
    TIM_Base_SetConfig                       0x08002531   Thumb Code   180  stm32f4xx_hal_tim.o(.text.TIM_Base_SetConfig)
    TIM_CCxChannelCmd                        0x080025f5   Thumb Code    30  stm32f4xx_hal_tim.o(.text.TIM_CCxChannelCmd)
    TIM_TI1_SetConfig                        0x080026c1   Thumb Code    96  stm32f4xx_hal_tim.o(.text.TIM_TI1_SetConfig)
    UART_Start_Receive_DMA                   0x08002a99   Thumb Code   132  stm32f4xx_hal_uart.o(.text.UART_Start_Receive_DMA)
    USART6_IRQHandler                        0x08002b29   Thumb Code     8  stm32f4xx_it.o(.text.USART6_IRQHandler)
    UsageFault_Handler                       0x08002b35   Thumb Code     2  stm32f4xx_it.o(.text.UsageFault_Handler)
    checkServoResponse                       0x08002b37   Thumb Code   152  my_dynamixel.o(.text.checkServoResponse)
    clear_RX_buffer                          0x08002bd1   Thumb Code    24  my_dynamixel.o(.text.clear_RX_buffer)
    clear_TX_buffer                          0x08002be9   Thumb Code    20  my_dynamixel.o(.text.clear_TX_buffer)
    compErrCalculate                         0x08002c01   Thumb Code    96  main.o(.text.compErrCalculate)
    dualTransferServo                        0x08002c61   Thumb Code   120  my_dynamixel.o(.text.dualTransferServo)
    getJointAngle                            0x08002ce1   Thumb Code   516  main.o(.text.getJointAngle)
    getServoResponse                         0x08002ee5   Thumb Code    68  my_dynamixel.o(.text.getServoResponse)
    getServo_CurrentLimit                    0x08002f2d   Thumb Code    28  my_dynamixel.o(.text.getServo_CurrentLimit)
    getServo_OperatingMode                   0x08002f4d   Thumb Code    28  my_dynamixel.o(.text.getServo_OperatingMode)
    getServo_PresentCurrent                  0x08002f71   Thumb Code    56  my_dynamixel.o(.text.getServo_PresentCurrent)
    getServo_PresentPosition                 0x08002fb9   Thumb Code    48  my_dynamixel.o(.text.getServo_PresentPosition)
    main                                     0x08002ff9   Thumb Code  1524  main.o(.text.main)
    sendServoCommand                         0x080035ed   Thumb Code   100  my_dynamixel.o(.text.sendServoCommand)
    setServo_GoalCurrent                     0x08003659   Thumb Code    48  my_dynamixel.o(.text.setServo_GoalCurrent)
    setServo_OperatingMode                   0x08003689   Thumb Code    18  my_dynamixel.o(.text.setServo_OperatingMode)
    setServo_TorqueENA                       0x0800369b   Thumb Code    18  my_dynamixel.o(.text.setServo_TorqueENA)
    updateCRC                                0x080036ad   Thumb Code    36  my_dynamixel.o(.text.updateCRC)
    __hardfp_round                           0x080036d9   Thumb Code   194  round.o(i.__hardfp_round)
    __aeabi_d2f                              0x080037b9   Thumb Code     0  d2f.o(x$fpl$d2f)
    _d2f                                     0x080037b9   Thumb Code    98  d2f.o(x$fpl$d2f)
    __aeabi_dadd                             0x0800381d   Thumb Code     0  daddsub_clz.o(x$fpl$dadd)
    _dadd                                    0x0800381d   Thumb Code   332  daddsub_clz.o(x$fpl$dadd)
    __fpl_dcmp_Inf                           0x0800396d   Thumb Code    24  dcmpi.o(x$fpl$dcmpinf)
    __aeabi_ddiv                             0x08003985   Thumb Code     0  ddiv.o(x$fpl$ddiv)
    _ddiv                                    0x08003985   Thumb Code   556  ddiv.o(x$fpl$ddiv)
    __aeabi_d2iz                             0x08003c39   Thumb Code     0  dfix.o(x$fpl$dfix)
    _dfix                                    0x08003c39   Thumb Code    94  dfix.o(x$fpl$dfix)
    __aeabi_i2d                              0x08003c97   Thumb Code     0  dflt_clz.o(x$fpl$dflt)
    _dflt                                    0x08003c97   Thumb Code    46  dflt_clz.o(x$fpl$dflt)
    __aeabi_cdcmple                          0x08003cc5   Thumb Code     0  dleqf.o(x$fpl$dleqf)
    _dcmple                                  0x08003cc5   Thumb Code   120  dleqf.o(x$fpl$dleqf)
    __fpl_dcmple_InfNaN                      0x08003d27   Thumb Code     0  dleqf.o(x$fpl$dleqf)
    __aeabi_dmul                             0x08003d3d   Thumb Code     0  dmul.o(x$fpl$dmul)
    _dmul                                    0x08003d3d   Thumb Code   332  dmul.o(x$fpl$dmul)
    __fpl_dnaninf                            0x08003e91   Thumb Code   156  dnaninf.o(x$fpl$dnaninf)
    __fpl_dretinf                            0x08003f2d   Thumb Code    12  dretinf.o(x$fpl$dretinf)
    __aeabi_cdrcmple                         0x08003f39   Thumb Code     0  drleqf.o(x$fpl$drleqf)
    _drcmple                                 0x08003f39   Thumb Code   108  drleqf.o(x$fpl$drleqf)
    _drnd                                    0x08003fa5   Thumb Code   180  drnd.o(x$fpl$drnd)
    __aeabi_dsub                             0x08004059   Thumb Code     0  daddsub_clz.o(x$fpl$dsub)
    _dsub                                    0x08004059   Thumb Code   472  daddsub_clz.o(x$fpl$dsub)
    __aeabi_f2d                              0x08004235   Thumb Code     0  f2d.o(x$fpl$f2d)
    _f2d                                     0x08004235   Thumb Code    86  f2d.o(x$fpl$f2d)
    __fpl_fnaninf                            0x0800428b   Thumb Code   140  fnaninf.o(x$fpl$fnaninf)
    _fp_init                                 0x08004317   Thumb Code    26  fpinit.o(x$fpl$fpinit)
    __fplib_config_fpu_vfp                   0x0800432f   Thumb Code     0  fpinit.o(x$fpl$fpinit)
    __fplib_config_pureend_doubles           0x0800432f   Thumb Code     0  fpinit.o(x$fpl$fpinit)
    __fpl_fretinf                            0x08004331   Thumb Code    10  fretinf.o(x$fpl$fretinf)
    AHBPrescTable                            0x0800433a   Data          16  system_stm32f4xx.o(.rodata.AHBPrescTable)
    __I$use$fp                               0x0800433a   Number         0  usenofp.o(x$fpl$usenofp)
    APBPrescTable                            0x0800434a   Data           8  system_stm32f4xx.o(.rodata.APBPrescTable)
    Region$$Table$$Base                      0x08004554   Number         0  anon$$obj.o(Region$$Table)
    Region$$Table$$Limit                     0x08004574   Number         0  anon$$obj.o(Region$$Table)
    uwTickFreq                               0x20000000   Data           1  stm32f4xx_hal.o(.data..L_MergedGlobals)
    uwTickPrio                               0x20000004   Data           4  stm32f4xx_hal.o(.data..L_MergedGlobals)
    SystemCoreClock                          0x20000008   Data           4  system_stm32f4xx.o(.data.SystemCoreClock)
    __libspace_start                         0x20000010   Data          96  libspace.o(.bss)
    __temporary_stack_top$libspace           0x20000070   Data           0  libspace.o(.bss)
    currentRecordFlag_PIP                    0x20000070   Data           4  main.o(.bss..L_MergedGlobals)
    currentRecordFlag_DIP                    0x20000074   Data           4  main.o(.bss..L_MergedGlobals)
    angleRecordFlag_PIP                      0x20000078   Data           4  main.o(.bss..L_MergedGlobals)
    angleRecordFlag_DIP                      0x2000007c   Data           4  main.o(.bss..L_MergedGlobals)
    IC_Val1_PIP                              0x20000080   Data           4  main.o(.bss..L_MergedGlobals)
    IC_Val2_PIP                              0x20000084   Data           4  main.o(.bss..L_MergedGlobals)
    IC_Val1_DIP                              0x20000088   Data           4  main.o(.bss..L_MergedGlobals)
    IC_Val2_DIP                              0x2000008c   Data           4  main.o(.bss..L_MergedGlobals)
    angClkAS5048A_PIP                        0x20000090   Data           4  main.o(.bss..L_MergedGlobals)
    angClkAS5048A_DIP                        0x20000094   Data           4  main.o(.bss..L_MergedGlobals)
    AlignedAngClkAS5048A_PIP                 0x20000098   Data           4  main.o(.bss..L_MergedGlobals)
    AlignedAngClkAS5048A_DIP                 0x2000009c   Data           4  main.o(.bss..L_MergedGlobals)
    cur_AngAS5048A_PIP                       0x200000a0   Data           4  main.o(.bss..L_MergedGlobals)
    cur_AngAS5048A_DIP                       0x200000a4   Data           4  main.o(.bss..L_MergedGlobals)
    curF_AngAS5048A_PIP                      0x200000a8   Data           4  main.o(.bss..L_MergedGlobals)
    curF_AngAS5048A_DIP                      0x200000ac   Data           4  main.o(.bss..L_MergedGlobals)
    comp_AngAS5048A_DIP                      0x200000b0   Data           4  main.o(.bss..L_MergedGlobals)
    comp_AngAS5048A_PIP                      0x200000b4   Data           4  main.o(.bss..L_MergedGlobals)
    pre_AngAS5048A_PIP                       0x200000b8   Data           4  main.o(.bss..L_MergedGlobals)
    pre_AngAS5048A_DIP                       0x200000bc   Data           4  main.o(.bss..L_MergedGlobals)
    preF_AngAS5048A_PIP                      0x200000c0   Data           4  main.o(.bss..L_MergedGlobals)
    cur_Velocity_PIP                         0x200000c4   Data           4  main.o(.bss..L_MergedGlobals)
    cur_Velocity_DIP                         0x200000c8   Data           4  main.o(.bss..L_MergedGlobals)
    curF_Velocity_PIP                        0x200000cc   Data           4  main.o(.bss..L_MergedGlobals)
    curF_Velocity_DIP                        0x200000d0   Data           4  main.o(.bss..L_MergedGlobals)
    cur_loadcell                             0x200000d4   Data           4  main.o(.bss..L_MergedGlobals)
    pre_loadcell                             0x200000d8   Data           4  main.o(.bss..L_MergedGlobals)
    filtered_cur_loadcell                    0x200000dc   Data           4  main.o(.bss..L_MergedGlobals)
    filtered_pre_loadcell                    0x200000e0   Data           4  main.o(.bss..L_MergedGlobals)
    tareRecordFlag                           0x200000e4   Data           4  main.o(.bss..L_MergedGlobals)
    goalCurrent                              0x200000e8   Data           4  main.o(.bss..L_MergedGlobals)
    curCurrent                               0x200000ec   Data           4  main.o(.bss..L_MergedGlobals.1)
    curPosition                              0x200000f0   Data           4  main.o(.bss..L_MergedGlobals.1)
    preF_AngAS5048A_DIP                      0x200000f4   Data           4  main.o(.bss..L_MergedGlobals.1)
    myServo                                  0x200000f8   Data         100  main.o(.bss..L_MergedGlobals.1)
    DXL_RxBuffer                             0x2000015c   Data          25  my_dynamixel.o(.bss.DXL_RxBuffer)
    DXL_TxBuffer                             0x20000175   Data         100  my_dynamixel.o(.bss.DXL_TxBuffer)
    TxFinished                               0x200001d9   Data           1  my_dynamixel.o(.bss.TxFinished)
    hadc1                                    0x200001dc   Data          72  adc.o(.bss.hadc1)
    hdma_usart6_rx                           0x20000224   Data          96  usart.o(.bss.hdma_usart6_rx)
    hdma_usart6_tx                           0x20000284   Data          96  usart.o(.bss.hdma_usart6_tx)
    htim3                                    0x200002e4   Data          72  tim.o(.bss.htim3)
    htim4                                    0x2000032c   Data          72  tim.o(.bss.htim4)
    huart6                                   0x20000374   Data          72  usart.o(.bss.huart6)
    uwTick                                   0x200003bc   Data           4  stm32f4xx_hal.o(.bss.uwTick)



==============================================================================

Memory Map of the image

  Image Entry point : 0x08000189

  Load Region LR_IROM1 (Base: 0x08000000, Size: 0x00004588, Max: 0x00100000, ABSOLUTE)

    Execution Region ER_IROM1 (Exec base: 0x08000000, Load base: 0x08000000, Size: 0x00004574, Max: 0x00100000, ABSOLUTE)

    Exec Addr    Load Addr    Size         Type   Attr      Idx    E Section Name        Object

    0x08000000   0x08000000   0x00000188   Data   RO            3    RESET               startup_stm32f407xx.o
    0x08000188   0x08000188   0x00000008   Code   RO         1572  * !!!main             c_w.l(__main.o)
    0x08000190   0x08000190   0x00000034   Code   RO         1794    !!!scatter          c_w.l(__scatter.o)
    0x080001c4   0x080001c4   0x0000001a   Code   RO         1796    !!handler_copy      c_w.l(__scatter_copy.o)
    0x080001de   0x080001de   0x00000002   PAD
    0x080001e0   0x080001e0   0x0000001c   Code   RO         1798    !!handler_zi        c_w.l(__scatter_zi.o)
    0x080001fc   0x080001fc   0x00000002   Code   RO         1656    .ARM.Collect$$libinit$$00000000  c_w.l(libinit.o)
    0x080001fe   0x080001fe   0x00000004   Code   RO         1668    .ARM.Collect$$libinit$$00000001  c_w.l(libinit2.o)
    0x08000202   0x08000202   0x00000000   Code   RO         1671    .ARM.Collect$$libinit$$00000004  c_w.l(libinit2.o)
    0x08000202   0x08000202   0x00000000   Code   RO         1673    .ARM.Collect$$libinit$$00000006  c_w.l(libinit2.o)
    0x08000202   0x08000202   0x00000000   Code   RO         1676    .ARM.Collect$$libinit$$0000000C  c_w.l(libinit2.o)
    0x08000202   0x08000202   0x00000000   Code   RO         1678    .ARM.Collect$$libinit$$0000000E  c_w.l(libinit2.o)
    0x08000202   0x08000202   0x00000000   Code   RO         1680    .ARM.Collect$$libinit$$00000010  c_w.l(libinit2.o)
    0x08000202   0x08000202   0x00000000   Code   RO         1683    .ARM.Collect$$libinit$$00000013  c_w.l(libinit2.o)
    0x08000202   0x08000202   0x00000000   Code   RO         1685    .ARM.Collect$$libinit$$00000015  c_w.l(libinit2.o)
    0x08000202   0x08000202   0x00000000   Code   RO         1687    .ARM.Collect$$libinit$$00000017  c_w.l(libinit2.o)
    0x08000202   0x08000202   0x00000000   Code   RO         1689    .ARM.Collect$$libinit$$00000019  c_w.l(libinit2.o)
    0x08000202   0x08000202   0x00000000   Code   RO         1691    .ARM.Collect$$libinit$$0000001B  c_w.l(libinit2.o)
    0x08000202   0x08000202   0x00000000   Code   RO         1693    .ARM.Collect$$libinit$$0000001D  c_w.l(libinit2.o)
    0x08000202   0x08000202   0x00000000   Code   RO         1695    .ARM.Collect$$libinit$$0000001F  c_w.l(libinit2.o)
    0x08000202   0x08000202   0x00000000   Code   RO         1697    .ARM.Collect$$libinit$$00000021  c_w.l(libinit2.o)
    0x08000202   0x08000202   0x00000000   Code   RO         1699    .ARM.Collect$$libinit$$00000023  c_w.l(libinit2.o)
    0x08000202   0x08000202   0x00000000   Code   RO         1701    .ARM.Collect$$libinit$$00000025  c_w.l(libinit2.o)
    0x08000202   0x08000202   0x00000000   Code   RO         1703    .ARM.Collect$$libinit$$00000027  c_w.l(libinit2.o)
    0x08000202   0x08000202   0x00000000   Code   RO         1707    .ARM.Collect$$libinit$$0000002E  c_w.l(libinit2.o)
    0x08000202   0x08000202   0x00000000   Code   RO         1709    .ARM.Collect$$libinit$$00000030  c_w.l(libinit2.o)
    0x08000202   0x08000202   0x00000000   Code   RO         1711    .ARM.Collect$$libinit$$00000032  c_w.l(libinit2.o)
    0x08000202   0x08000202   0x00000000   Code   RO         1713    .ARM.Collect$$libinit$$00000034  c_w.l(libinit2.o)
    0x08000202   0x08000202   0x00000002   Code   RO         1714    .ARM.Collect$$libinit$$00000035  c_w.l(libinit2.o)
    0x08000204   0x08000204   0x00000002   Code   RO         1749    .ARM.Collect$$libshutdown$$00000000  c_w.l(libshutdown.o)
    0x08000206   0x08000206   0x00000000   Code   RO         1777    .ARM.Collect$$libshutdown$$00000002  c_w.l(libshutdown2.o)
    0x08000206   0x08000206   0x00000000   Code   RO         1779    .ARM.Collect$$libshutdown$$00000004  c_w.l(libshutdown2.o)
    0x08000206   0x08000206   0x00000000   Code   RO         1782    .ARM.Collect$$libshutdown$$00000007  c_w.l(libshutdown2.o)
    0x08000206   0x08000206   0x00000000   Code   RO         1785    .ARM.Collect$$libshutdown$$0000000A  c_w.l(libshutdown2.o)
    0x08000206   0x08000206   0x00000000   Code   RO         1787    .ARM.Collect$$libshutdown$$0000000C  c_w.l(libshutdown2.o)
    0x08000206   0x08000206   0x00000000   Code   RO         1790    .ARM.Collect$$libshutdown$$0000000F  c_w.l(libshutdown2.o)
    0x08000206   0x08000206   0x00000002   Code   RO         1791    .ARM.Collect$$libshutdown$$00000010  c_w.l(libshutdown2.o)
    0x08000208   0x08000208   0x00000000   Code   RO         1604    .ARM.Collect$$rtentry$$00000000  c_w.l(__rtentry.o)
    0x08000208   0x08000208   0x00000000   Code   RO         1625    .ARM.Collect$$rtentry$$00000002  c_w.l(__rtentry2.o)
    0x08000208   0x08000208   0x00000006   Code   RO         1637    .ARM.Collect$$rtentry$$00000004  c_w.l(__rtentry4.o)
    0x0800020e   0x0800020e   0x00000000   Code   RO         1627    .ARM.Collect$$rtentry$$00000009  c_w.l(__rtentry2.o)
    0x0800020e   0x0800020e   0x00000004   Code   RO         1628    .ARM.Collect$$rtentry$$0000000A  c_w.l(__rtentry2.o)
    0x08000212   0x08000212   0x00000000   Code   RO         1630    .ARM.Collect$$rtentry$$0000000C  c_w.l(__rtentry2.o)
    0x08000212   0x08000212   0x00000008   Code   RO         1631    .ARM.Collect$$rtentry$$0000000D  c_w.l(__rtentry2.o)
    0x0800021a   0x0800021a   0x00000002   Code   RO         1660    .ARM.Collect$$rtexit$$00000000  c_w.l(rtexit.o)
    0x0800021c   0x0800021c   0x00000000   Code   RO         1720    .ARM.Collect$$rtexit$$00000002  c_w.l(rtexit2.o)
    0x0800021c   0x0800021c   0x00000004   Code   RO         1721    .ARM.Collect$$rtexit$$00000003  c_w.l(rtexit2.o)
    0x08000220   0x08000220   0x00000006   Code   RO         1722    .ARM.Collect$$rtexit$$00000004  c_w.l(rtexit2.o)
    0x08000226   0x08000226   0x00000002   PAD
    0x08000228   0x08000228   0x00000040   Code   RO            4    .text               startup_stm32f407xx.o
    0x08000268   0x08000268   0x000000f0   Code   RO         1566    .text               c_w.l(lludivv7m.o)
    0x08000358   0x08000358   0x0000004e   Code   RO         1568    .text               c_w.l(rt_memclr_w.o)
    0x080003a6   0x080003a6   0x00000006   Code   RO         1570    .text               c_w.l(heapauxi.o)
    0x080003ac   0x080003ac   0x0000004a   Code   RO         1643    .text               c_w.l(sys_stackheap_outer.o)
    0x080003f6   0x080003f6   0x00000012   Code   RO         1645    .text               c_w.l(exit.o)
    0x08000408   0x08000408   0x00000008   Code   RO         1657    .text               c_w.l(libspace.o)
    0x08000410   0x08000410   0x0000000c   Code   RO         1715    .text               c_w.l(sys_exit.o)
    0x0800041c   0x0800041c   0x00000002   Code   RO         1738    .text               c_w.l(use_no_semi.o)
    0x0800041e   0x0800041e   0x00000000   Code   RO         1740    .text               c_w.l(indicate_semi.o)
    0x0800041e   0x0800041e   0x00000002   Code   RO          137    .text.BusFault_Handler  stm32f4xx_it.o
    0x08000420   0x08000420   0x0000000c   Code   RO          149    .text.DMA2_Stream1_IRQHandler  stm32f4xx_it.o
    0x0800042c   0x0800042c   0x0000000c   Code   RO          151    .text.DMA2_Stream6_IRQHandler  stm32f4xx_it.o
    0x08000438   0x08000438   0x00000030   Code   RO          603    .text.DMA_CalcBaseAndBitshift  stm32f4xx_hal_dma.o
    0x08000468   0x08000468   0x00000022   Code   RO          609    .text.DMA_SetConfig  stm32f4xx_hal_dma.o
    0x0800048a   0x0800048a   0x00000002   PAD
    0x0800048c   0x0800048c   0x00000024   Code   RO          176    .text.DXL_AssignRxBufferToServo  my_dynamixel.o
    0x080004b0   0x080004b0   0x0000000c   Code   RO          170    .text.DXL_InitServo  my_dynamixel.o
    0x080004bc   0x080004bc   0x00000006   Code   RO          172    .text.DXL_SetServoResponse_RxFinished  my_dynamixel.o
    0x080004c2   0x080004c2   0x00000002   PAD
    0x080004c4   0x080004c4   0x0000000c   Code   RO          174    .text.DXL_SetTxFinished  my_dynamixel.o
    0x080004d0   0x080004d0   0x00000002   Code   RO          143    .text.DebugMon_Handler  stm32f4xx_it.o
    0x080004d2   0x080004d2   0x00000004   Code   RO           15    .text.Error_Handler  main.o
    0x080004d6   0x080004d6   0x00000002   PAD
    0x080004d8   0x080004d8   0x00000104   Code   RO          356    .text.HAL_ADC_ConfigChannel  stm32f4xx_hal_adc.o
    0x080005dc   0x080005dc   0x00000006   Code   RO          352    .text.HAL_ADC_GetValue  stm32f4xx_hal_adc.o
    0x080005e2   0x080005e2   0x00000002   PAD
    0x080005e4   0x080005e4   0x00000144   Code   RO          314    .text.HAL_ADC_Init  stm32f4xx_hal_adc.o
    0x08000728   0x08000728   0x00000058   Code   RO           70    .text.HAL_ADC_MspInit  adc.o
    0x08000780   0x08000780   0x0000008c   Code   RO          326    .text.HAL_ADC_PollForConversion  stm32f4xx_hal_adc.o
    0x0800080c   0x0800080c   0x000000dc   Code   RO          322    .text.HAL_ADC_Start  stm32f4xx_hal_adc.o
    0x080008e8   0x080008e8   0x0000007a   Code   RO          613    .text.HAL_DMA_Abort  stm32f4xx_hal_dma.o
    0x08000962   0x08000962   0x00000024   Code   RO          615    .text.HAL_DMA_Abort_IT  stm32f4xx_hal_dma.o
    0x08000986   0x08000986   0x00000056   Code   RO          605    .text.HAL_DMA_DeInit  stm32f4xx_hal_dma.o
    0x080009dc   0x080009dc   0x0000015c   Code   RO          619    .text.HAL_DMA_IRQHandler  stm32f4xx_hal_dma.o
    0x08000b38   0x08000b38   0x00000100   Code   RO          601    .text.HAL_DMA_Init  stm32f4xx_hal_dma.o
    0x08000c38   0x08000c38   0x0000005c   Code   RO          611    .text.HAL_DMA_Start_IT  stm32f4xx_hal_dma.o
    0x08000c94   0x08000c94   0x00000020   Code   RO          781    .text.HAL_Delay     stm32f4xx_hal.o
    0x08000cb4   0x08000cb4   0x000000d8   Code   RO          565    .text.HAL_GPIO_DeInit  stm32f4xx_hal_gpio.o
    0x08000d8c   0x08000d8c   0x00000194   Code   RO          563    .text.HAL_GPIO_Init  stm32f4xx_hal_gpio.o
    0x08000f20   0x08000f20   0x00000010   Code   RO          571    .text.HAL_GPIO_TogglePin  stm32f4xx_hal_gpio.o
    0x08000f30   0x08000f30   0x0000000a   Code   RO          569    .text.HAL_GPIO_WritePin  stm32f4xx_hal_gpio.o
    0x08000f3a   0x08000f3a   0x00000002   PAD
    0x08000f3c   0x08000f3c   0x00000008   Code   RO          773    .text.HAL_GetTick   stm32f4xx_hal.o
    0x08000f44   0x08000f44   0x00000014   Code   RO          771    .text.HAL_IncTick   stm32f4xx_hal.o
    0x08000f58   0x08000f58   0x00000034   Code   RO          761    .text.HAL_Init      stm32f4xx_hal.o
    0x08000f8c   0x08000f8c   0x0000003c   Code   RO          763    .text.HAL_InitTick  stm32f4xx_hal.o
    0x08000fc8   0x08000fc8   0x0000003c   Code   RO          162    .text.HAL_MspInit   stm32f4xx_hal_msp.o
    0x08001004   0x08001004   0x0000002c   Code   RO          713    .text.HAL_NVIC_DisableIRQ  stm32f4xx_hal_cortex.o
    0x08001030   0x08001030   0x00000024   Code   RO          711    .text.HAL_NVIC_EnableIRQ  stm32f4xx_hal_cortex.o
    0x08001054   0x08001054   0x0000004c   Code   RO          709    .text.HAL_NVIC_SetPriority  stm32f4xx_hal_cortex.o
    0x080010a0   0x080010a0   0x00000020   Code   RO          707    .text.HAL_NVIC_SetPriorityGrouping  stm32f4xx_hal_cortex.o
    0x080010c0   0x080010c0   0x00000114   Code   RO          435    .text.HAL_RCC_ClockConfig  stm32f4xx_hal_rcc.o
    0x080011d4   0x080011d4   0x00000014   Code   RO          447    .text.HAL_RCC_GetPCLK1Freq  stm32f4xx_hal_rcc.o
    0x080011e8   0x080011e8   0x00000020   Code   RO          449    .text.HAL_RCC_GetPCLK2Freq  stm32f4xx_hal_rcc.o
    0x08001208   0x08001208   0x0000005c   Code   RO          437    .text.HAL_RCC_GetSysClockFreq  stm32f4xx_hal_rcc.o
    0x08001264   0x08001264   0x00000328   Code   RO          433    .text.HAL_RCC_OscConfig  stm32f4xx_hal_rcc.o
    0x0800158c   0x0800158c   0x00000028   Code   RO          719    .text.HAL_SYSTICK_Config  stm32f4xx_hal_cortex.o
    0x080015b4   0x080015b4   0x0000006c   Code   RO         1288    .text.HAL_TIMEx_MasterConfigSynchronization  stm32f4xx_hal_tim_ex.o
    0x08001620   0x08001620   0x000000ea   Code   RO         1011    .text.HAL_TIM_IC_ConfigChannel  stm32f4xx_hal_tim.o
    0x0800170a   0x0800170a   0x0000001e   Code   RO          929    .text.HAL_TIM_IC_Init  stm32f4xx_hal_tim.o
    0x08001728   0x08001728   0x00000074   Code   RO           96    .text.HAL_TIM_IC_MspInit  tim.o
    0x0800179c   0x0800179c   0x000000cc   Code   RO          937    .text.HAL_TIM_IC_Start  stm32f4xx_hal_tim.o
    0x08001868   0x08001868   0x0000002e   Code   RO         1057    .text.HAL_TIM_ReadCapturedValue  stm32f4xx_hal_tim.o
    0x08001896   0x08001896   0x0000002c   Code   RO         1051    .text.HAL_TIM_SlaveConfigSynchro  stm32f4xx_hal_tim.o
    0x080018c2   0x080018c2   0x00000002   Code   RO         1468    .text.HAL_UARTEx_RxEventCallback  stm32f4xx_hal_uart.o
    0x080018c4   0x080018c4   0x00000036   Code   RO         1388    .text.HAL_UART_DeInit  stm32f4xx_hal_uart.o
    0x080018fa   0x080018fa   0x00000002   Code   RO         1466    .text.HAL_UART_ErrorCallback  stm32f4xx_hal_uart.o
    0x080018fc   0x080018fc   0x00000244   Code   RO         1460    .text.HAL_UART_IRQHandler  stm32f4xx_hal_uart.o
    0x08001b40   0x08001b40   0x0000002c   Code   RO         1376    .text.HAL_UART_Init  stm32f4xx_hal_uart.o
    0x08001b6c   0x08001b6c   0x0000003c   Code   RO          118    .text.HAL_UART_MspDeInit  usart.o
    0x08001ba8   0x08001ba8   0x000000dc   Code   RO          116    .text.HAL_UART_MspInit  usart.o
    0x08001c84   0x08001c84   0x0000001c   Code   RO         1412    .text.HAL_UART_Receive_DMA  stm32f4xx_hal_uart.o
    0x08001ca0   0x08001ca0   0x00000028   Code   RO           25    .text.HAL_UART_RxCpltCallback  main.o
    0x08001cc8   0x08001cc8   0x00000002   Code   RO         1476    .text.HAL_UART_RxHalfCpltCallback  stm32f4xx_hal_uart.o
    0x08001cca   0x08001cca   0x00000002   PAD
    0x08001ccc   0x08001ccc   0x00000078   Code   RO         1404    .text.HAL_UART_Transmit_DMA  stm32f4xx_hal_uart.o
    0x08001d44   0x08001d44   0x00000014   Code   RO           23    .text.HAL_UART_TxCpltCallback  main.o
    0x08001d58   0x08001d58   0x00000002   Code   RO         1472    .text.HAL_UART_TxHalfCpltCallback  stm32f4xx_hal_uart.o
    0x08001d5a   0x08001d5a   0x00000002   Code   RO          133    .text.HardFault_Handler  stm32f4xx_it.o
    0x08001d5c   0x08001d5c   0x0000005c   Code   RO           68    .text.MX_ADC1_Init  adc.o
    0x08001db8   0x08001db8   0x00000040   Code   RO           83    .text.MX_DMA_Init   dma.o
    0x08001df8   0x08001df8   0x000001c0   Code   RO           51    .text.MX_GPIO_Init  gpio.o
    0x08001fb8   0x08001fb8   0x00000080   Code   RO           92    .text.MX_TIM3_Init  tim.o
    0x08002038   0x08002038   0x00000084   Code   RO           94    .text.MX_TIM4_Init  tim.o
    0x080020bc   0x080020bc   0x00000038   Code   RO          114    .text.MX_USART6_UART_Init  usart.o
    0x080020f4   0x080020f4   0x00000002   Code   RO          135    .text.MemManage_Handler  stm32f4xx_it.o
    0x080020f6   0x080020f6   0x00000002   Code   RO          131    .text.NMI_Handler   stm32f4xx_it.o
    0x080020f8   0x080020f8   0x00000014   Code   RO           27    .text.OUTLINED_FUNCTION_0  main.o
    0x0800210c   0x0800210c   0x0000000a   Code   RO           53    .text.OUTLINED_FUNCTION_0  gpio.o
    0x08002116   0x08002116   0x00000024   Code   RO          100    .text.OUTLINED_FUNCTION_0  tim.o
    0x0800213a   0x0800213a   0x00000012   Code   RO          364    .text.OUTLINED_FUNCTION_0  stm32f4xx_hal_adc.o
    0x0800214c   0x0800214c   0x0000000c   Code   RO          459    .text.OUTLINED_FUNCTION_0  stm32f4xx_hal_rcc.o
    0x08002158   0x08002158   0x0000000e   Code   RO          629    .text.OUTLINED_FUNCTION_0  stm32f4xx_hal_dma.o
    0x08002166   0x08002166   0x00000014   Code   RO         1496    .text.OUTLINED_FUNCTION_0  stm32f4xx_hal_uart.o
    0x0800217a   0x0800217a   0x00000008   Code   RO           29    .text.OUTLINED_FUNCTION_1  main.o
    0x08002182   0x08002182   0x0000000c   Code   RO           55    .text.OUTLINED_FUNCTION_1  gpio.o
    0x0800218e   0x0800218e   0x0000001a   Code   RO          102    .text.OUTLINED_FUNCTION_1  tim.o
    0x080021a8   0x080021a8   0x00000012   Code   RO          366    .text.OUTLINED_FUNCTION_1  stm32f4xx_hal_adc.o
    0x080021ba   0x080021ba   0x0000000a   Code   RO          631    .text.OUTLINED_FUNCTION_1  stm32f4xx_hal_dma.o
    0x080021c4   0x080021c4   0x0000002e   Code   RO         1089    .text.OUTLINED_FUNCTION_1  stm32f4xx_hal_tim.o
    0x080021f2   0x080021f2   0x00000008   Code   RO          284    .text.OUTLINED_FUNCTION_10  my_dynamixel.o
    0x080021fa   0x080021fa   0x00000014   Code   RO         1516    .text.OUTLINED_FUNCTION_10  stm32f4xx_hal_uart.o
    0x0800220e   0x0800220e   0x0000000e   Code   RO          286    .text.OUTLINED_FUNCTION_11  my_dynamixel.o
    0x0800221c   0x0800221c   0x0000000a   Code   RO         1109    .text.OUTLINED_FUNCTION_11  stm32f4xx_hal_tim.o
    0x08002226   0x08002226   0x00000014   Code   RO         1518    .text.OUTLINED_FUNCTION_11  stm32f4xx_hal_uart.o
    0x0800223a   0x0800223a   0x00000014   Code   RO          290    .text.OUTLINED_FUNCTION_13  my_dynamixel.o
    0x0800224e   0x0800224e   0x0000000a   Code   RO         1113    .text.OUTLINED_FUNCTION_13  stm32f4xx_hal_tim.o
    0x08002258   0x08002258   0x0000000a   Code   RO         1528    .text.OUTLINED_FUNCTION_16  stm32f4xx_hal_uart.o
    0x08002262   0x08002262   0x00000008   Code   RO          298    .text.OUTLINED_FUNCTION_17  my_dynamixel.o
    0x0800226a   0x0800226a   0x0000000a   Code   RO         1532    .text.OUTLINED_FUNCTION_18  stm32f4xx_hal_uart.o
    0x08002274   0x08002274   0x00000006   Code   RO         1125    .text.OUTLINED_FUNCTION_19  stm32f4xx_hal_tim.o
    0x0800227a   0x0800227a   0x00000008   Code   RO         1534    .text.OUTLINED_FUNCTION_19  stm32f4xx_hal_uart.o
    0x08002282   0x08002282   0x00000008   Code   RO           31    .text.OUTLINED_FUNCTION_2  main.o
    0x0800228a   0x0800228a   0x0000000e   Code   RO           57    .text.OUTLINED_FUNCTION_2  gpio.o
    0x08002298   0x08002298   0x00000006   Code   RO          268    .text.OUTLINED_FUNCTION_2  my_dynamixel.o
    0x0800229e   0x0800229e   0x00000012   Code   RO          368    .text.OUTLINED_FUNCTION_2  stm32f4xx_hal_adc.o
    0x080022b0   0x080022b0   0x0000000a   Code   RO          463    .text.OUTLINED_FUNCTION_2  stm32f4xx_hal_rcc.o
    0x080022ba   0x080022ba   0x00000008   Code   RO          633    .text.OUTLINED_FUNCTION_2  stm32f4xx_hal_dma.o
    0x080022c2   0x080022c2   0x00000014   Code   RO         1500    .text.OUTLINED_FUNCTION_2  stm32f4xx_hal_uart.o
    0x080022d6   0x080022d6   0x0000000a   Code   RO         1536    .text.OUTLINED_FUNCTION_20  stm32f4xx_hal_uart.o
    0x080022e0   0x080022e0   0x0000000a   Code   RO         1129    .text.OUTLINED_FUNCTION_21  stm32f4xx_hal_tim.o
    0x080022ea   0x080022ea   0x00000006   Code   RO         1538    .text.OUTLINED_FUNCTION_21  stm32f4xx_hal_uart.o
    0x080022f0   0x080022f0   0x0000000a   Code   RO         1141    .text.OUTLINED_FUNCTION_27  stm32f4xx_hal_tim.o
    0x080022fa   0x080022fa   0x00000008   Code   RO           33    .text.OUTLINED_FUNCTION_3  main.o
    0x08002302   0x08002302   0x0000000a   Code   RO           59    .text.OUTLINED_FUNCTION_3  gpio.o
    0x0800230c   0x0800230c   0x00000008   Code   RO          270    .text.OUTLINED_FUNCTION_3  my_dynamixel.o
    0x08002314   0x08002314   0x0000000e   Code   RO          370    .text.OUTLINED_FUNCTION_3  stm32f4xx_hal_adc.o
    0x08002322   0x08002322   0x0000000a   Code   RO          635    .text.OUTLINED_FUNCTION_3  stm32f4xx_hal_dma.o
    0x0800232c   0x0800232c   0x00000014   Code   RO         1502    .text.OUTLINED_FUNCTION_3  stm32f4xx_hal_uart.o
    0x08002340   0x08002340   0x0000000e   Code   RO           35    .text.OUTLINED_FUNCTION_4  main.o
    0x0800234e   0x0800234e   0x0000000c   Code   RO          272    .text.OUTLINED_FUNCTION_4  my_dynamixel.o
    0x0800235a   0x0800235a   0x0000000a   Code   RO          372    .text.OUTLINED_FUNCTION_4  stm32f4xx_hal_adc.o
    0x08002364   0x08002364   0x00000016   Code   RO         1504    .text.OUTLINED_FUNCTION_4  stm32f4xx_hal_uart.o
    0x0800237a   0x0800237a   0x00000008   Code   RO         1167    .text.OUTLINED_FUNCTION_40  stm32f4xx_hal_tim.o
    0x08002382   0x08002382   0x00000010   Code   RO         1169    .text.OUTLINED_FUNCTION_41  stm32f4xx_hal_tim.o
    0x08002392   0x08002392   0x0000000c   Code   RO         1171    .text.OUTLINED_FUNCTION_42  stm32f4xx_hal_tim.o
    0x0800239e   0x0800239e   0x0000000a   Code   RO         1179    .text.OUTLINED_FUNCTION_46  stm32f4xx_hal_tim.o
    0x080023a8   0x080023a8   0x00000010   Code   RO         1183    .text.OUTLINED_FUNCTION_48  stm32f4xx_hal_tim.o
    0x080023b8   0x080023b8   0x00000006   Code   RO           37    .text.OUTLINED_FUNCTION_5  main.o
    0x080023be   0x080023be   0x00000022   Code   RO          274    .text.OUTLINED_FUNCTION_5  my_dynamixel.o
    0x080023e0   0x080023e0   0x0000000e   Code   RO          374    .text.OUTLINED_FUNCTION_5  stm32f4xx_hal_adc.o
    0x080023ee   0x080023ee   0x00000008   Code   RO         1506    .text.OUTLINED_FUNCTION_5  stm32f4xx_hal_uart.o
    0x080023f6   0x080023f6   0x0000000e   Code   RO         1203    .text.OUTLINED_FUNCTION_58  stm32f4xx_hal_tim.o
    0x08002404   0x08002404   0x00000010   Code   RO          276    .text.OUTLINED_FUNCTION_6  my_dynamixel.o
    0x08002414   0x08002414   0x0000000a   Code   RO         1099    .text.OUTLINED_FUNCTION_6  stm32f4xx_hal_tim.o
    0x0800241e   0x0800241e   0x0000001c   Code   RO         1508    .text.OUTLINED_FUNCTION_6  stm32f4xx_hal_uart.o
    0x0800243a   0x0800243a   0x0000000a   Code   RO         1209    .text.OUTLINED_FUNCTION_61  stm32f4xx_hal_tim.o
    0x08002444   0x08002444   0x00000008   Code   RO          278    .text.OUTLINED_FUNCTION_7  my_dynamixel.o
    0x0800244c   0x0800244c   0x0000000c   Code   RO         1510    .text.OUTLINED_FUNCTION_7  stm32f4xx_hal_uart.o
    0x08002458   0x08002458   0x00000008   Code   RO          280    .text.OUTLINED_FUNCTION_8  my_dynamixel.o
    0x08002460   0x08002460   0x0000000e   Code   RO         1103    .text.OUTLINED_FUNCTION_8  stm32f4xx_hal_tim.o
    0x0800246e   0x0800246e   0x00000008   Code   RO          282    .text.OUTLINED_FUNCTION_9  my_dynamixel.o
    0x08002476   0x08002476   0x00000002   Code   RO          145    .text.PendSV_Handler  stm32f4xx_it.o
    0x08002478   0x08002478   0x00000002   Code   RO          141    .text.SVC_Handler   stm32f4xx_it.o
    0x0800247a   0x0800247a   0x00000004   Code   RO          147    .text.SysTick_Handler  stm32f4xx_it.o
    0x0800247e   0x0800247e   0x00000002   PAD
    0x08002480   0x08002480   0x000000a0   Code   RO           13    .text.SystemClock_Config  main.o
    0x08002520   0x08002520   0x00000010   Code   RO         1550    .text.SystemInit    system_stm32f4xx.o
    0x08002530   0x08002530   0x000000c4   Code   RO          859    .text.TIM_Base_SetConfig  stm32f4xx_hal_tim.o
    0x080025f4   0x080025f4   0x0000001e   Code   RO          893    .text.TIM_CCxChannelCmd  stm32f4xx_hal_tim.o
    0x08002612   0x08002612   0x00000002   PAD
    0x08002614   0x08002614   0x00000088   Code   RO         1053    .text.TIM_SlaveTimer_SetConfig  stm32f4xx_hal_tim.o
    0x0800269c   0x0800269c   0x00000022   Code   RO         1045    .text.TIM_TI1_ConfigInputStage  stm32f4xx_hal_tim.o
    0x080026be   0x080026be   0x00000002   PAD
    0x080026c0   0x080026c0   0x0000007c   Code   RO         1013    .text.TIM_TI1_SetConfig  stm32f4xx_hal_tim.o
    0x0800273c   0x0800273c   0x00000024   Code   RO         1047    .text.TIM_TI2_ConfigInputStage  stm32f4xx_hal_tim.o
    0x08002760   0x08002760   0x00000032   Code   RO         1015    .text.TIM_TI2_SetConfig  stm32f4xx_hal_tim.o
    0x08002792   0x08002792   0x0000000a   Code   RO         1464    .text.UART_DMAAbortOnError  stm32f4xx_hal_uart.o
    0x0800279c   0x0800279c   0x0000004c   Code   RO         1410    .text.UART_DMAError  stm32f4xx_hal_uart.o
    0x080027e8   0x080027e8   0x00000072   Code   RO         1492    .text.UART_DMAReceiveCplt  stm32f4xx_hal_uart.o
    0x0800285a   0x0800285a   0x00000018   Code   RO         1494    .text.UART_DMARxHalfCplt  stm32f4xx_hal_uart.o
    0x08002872   0x08002872   0x0000003c   Code   RO         1406    .text.UART_DMATransmitCplt  stm32f4xx_hal_uart.o
    0x080028ae   0x080028ae   0x00000006   Code   RO         1408    .text.UART_DMATxHalfCplt  stm32f4xx_hal_uart.o
    0x080028b4   0x080028b4   0x00000042   Code   RO         1424    .text.UART_EndRxTransfer  stm32f4xx_hal_uart.o
    0x080028f6   0x080028f6   0x0000001c   Code   RO         1422    .text.UART_EndTxTransfer  stm32f4xx_hal_uart.o
    0x08002912   0x08002912   0x000000be   Code   RO         1462    .text.UART_Receive_IT  stm32f4xx_hal_uart.o
    0x080029d0   0x080029d0   0x000000c8   Code   RO         1380    .text.UART_SetConfig  stm32f4xx_hal_uart.o
    0x08002a98   0x08002a98   0x00000090   Code   RO         1414    .text.UART_Start_Receive_DMA  stm32f4xx_hal_uart.o
    0x08002b28   0x08002b28   0x0000000c   Code   RO          153    .text.USART6_IRQHandler  stm32f4xx_it.o
    0x08002b34   0x08002b34   0x00000002   Code   RO          139    .text.UsageFault_Handler  stm32f4xx_it.o
    0x08002b36   0x08002b36   0x00000098   Code   RO          186    .text.checkServoResponse  my_dynamixel.o
    0x08002bce   0x08002bce   0x00000002   PAD
    0x08002bd0   0x08002bd0   0x00000018   Code   RO          258    .text.clear_RX_buffer  my_dynamixel.o
    0x08002be8   0x08002be8   0x00000018   Code   RO          254    .text.clear_TX_buffer  my_dynamixel.o
    0x08002c00   0x08002c00   0x00000060   Code   RO           21    .text.compErrCalculate  main.o
    0x08002c60   0x08002c60   0x0000007c   Code   RO          194    .text.dualTransferServo  my_dynamixel.o
    0x08002cdc   0x08002cdc   0x00000004   PAD
    0x08002ce0   0x08002ce0   0x00000204   Code   RO           17    .text.getJointAngle  main.o
    0x08002ee4   0x08002ee4   0x00000048   Code   RO          184    .text.getServoResponse  my_dynamixel.o
    0x08002f2c   0x08002f2c   0x00000020   Code   RO          222    .text.getServo_CurrentLimit  my_dynamixel.o
    0x08002f4c   0x08002f4c   0x00000020   Code   RO          232    .text.getServo_OperatingMode  my_dynamixel.o
    0x08002f6c   0x08002f6c   0x00000004   PAD
    0x08002f70   0x08002f70   0x00000044   Code   RO          218    .text.getServo_PresentCurrent  my_dynamixel.o
    0x08002fb4   0x08002fb4   0x00000004   PAD
    0x08002fb8   0x08002fb8   0x0000003c   Code   RO          224    .text.getServo_PresentPosition  my_dynamixel.o
    0x08002ff4   0x08002ff4   0x00000004   PAD
    0x08002ff8   0x08002ff8   0x000005f4   Code   RO           11    .text.main          main.o
    0x080035ec   0x080035ec   0x00000068   Code   RO          182    .text.sendServoCommand  my_dynamixel.o
    0x08003654   0x08003654   0x00000004   PAD
    0x08003658   0x08003658   0x00000030   Code   RO          198    .text.setServo_GoalCurrent  my_dynamixel.o
    0x08003688   0x08003688   0x00000012   Code   RO          192    .text.setServo_OperatingMode  my_dynamixel.o
    0x0800369a   0x0800369a   0x00000012   Code   RO          196    .text.setServo_TorqueENA  my_dynamixel.o
    0x080036ac   0x080036ac   0x00000028   Code   RO          256    .text.updateCRC     my_dynamixel.o
    0x080036d4   0x080036d4   0x00000004   PAD
    0x080036d8   0x080036d8   0x000000e0   Code   RO         1600    i.__hardfp_round    m_wm.l(round.o)
    0x080037b8   0x080037b8   0x00000062   Code   RO         1574    x$fpl$d2f           fz_wm.l(d2f.o)
    0x0800381a   0x0800381a   0x00000002   PAD
    0x0800381c   0x0800381c   0x00000150   Code   RO         1576    x$fpl$dadd          fz_wm.l(daddsub_clz.o)
    0x0800396c   0x0800396c   0x00000018   Code   RO         1641    x$fpl$dcmpinf       fz_wm.l(dcmpi.o)
    0x08003984   0x08003984   0x000002b4   Code   RO         1583    x$fpl$ddiv          fz_wm.l(ddiv.o)
    0x08003c38   0x08003c38   0x0000005e   Code   RO         1586    x$fpl$dfix          fz_wm.l(dfix.o)
    0x08003c96   0x08003c96   0x0000002e   Code   RO         1591    x$fpl$dflt          fz_wm.l(dflt_clz.o)
    0x08003cc4   0x08003cc4   0x00000078   Code   RO         1609    x$fpl$dleqf         fz_wm.l(dleqf.o)
    0x08003d3c   0x08003d3c   0x00000154   Code   RO         1596    x$fpl$dmul          fz_wm.l(dmul.o)
    0x08003e90   0x08003e90   0x0000009c   Code   RO         1611    x$fpl$dnaninf       fz_wm.l(dnaninf.o)
    0x08003f2c   0x08003f2c   0x0000000c   Code   RO         1613    x$fpl$dretinf       fz_wm.l(dretinf.o)
    0x08003f38   0x08003f38   0x0000006c   Code   RO         1615    x$fpl$drleqf        fz_wm.l(drleqf.o)
    0x08003fa4   0x08003fa4   0x000000b4   Code   RO         1617    x$fpl$drnd          fz_wm.l(drnd.o)
    0x08004058   0x08004058   0x000001dc   Code   RO         1578    x$fpl$dsub          fz_wm.l(daddsub_clz.o)
    0x08004234   0x08004234   0x00000056   Code   RO         1598    x$fpl$f2d           fz_wm.l(f2d.o)
    0x0800428a   0x0800428a   0x0000008c   Code   RO         1619    x$fpl$fnaninf       fz_wm.l(fnaninf.o)
    0x08004316   0x08004316   0x0000001a   Code   RO         1732    x$fpl$fpinit        fz_wm.l(fpinit.o)
    0x08004330   0x08004330   0x0000000a   Code   RO         1621    x$fpl$fretinf       fz_wm.l(fretinf.o)
    0x0800433a   0x0800433a   0x00000000   Code   RO         1623    x$fpl$usenofp       fz_wm.l(usenofp.o)
    0x0800433a   0x0800433a   0x00000010   Data   RO         1555    .rodata.AHBPrescTable  system_stm32f4xx.o
    0x0800434a   0x0800434a   0x00000008   Data   RO         1556    .rodata.APBPrescTable  system_stm32f4xx.o
    0x08004352   0x08004352   0x00000200   Data   RO          305    .rodata.updateCRC.crc_table  my_dynamixel.o
    0x08004552   0x08004552   0x00000002   PAD
    0x08004554   0x08004554   0x00000020   Data   RO         1793    Region$$Table       anon$$obj.o


    Execution Region RW_IRAM1 (Exec base: 0x20000000, Load base: 0x08004578, Size: 0x000009c0, Max: 0x0001c000, ABSOLUTE)

    Exec Addr    Load Addr    Size         Type   Attr      Idx    E Section Name        Object

    0x20000000   0x08004578   0x00000008   Data   RW          820    .data..L_MergedGlobals  stm32f4xx_hal.o
    0x20000008   0x08004580   0x00000004   Data   RW         1554    .data.SystemCoreClock  system_stm32f4xx.o
    0x2000000c   0x08004584   0x00000004   PAD
    0x20000010        -       0x00000060   Zero   RW         1658    .bss                c_w.l(libspace.o)
    0x20000070        -       0x0000007c   Zero   RW           41    .bss..L_MergedGlobals  main.o
    0x200000ec        -       0x00000070   Zero   RW           42    .bss..L_MergedGlobals.1  main.o
    0x2000015c        -       0x00000019   Zero   RW          303    .bss.DXL_RxBuffer   my_dynamixel.o
    0x20000175        -       0x00000064   Zero   RW          304    .bss.DXL_TxBuffer   my_dynamixel.o
    0x200001d9        -       0x00000001   Zero   RW          302    .bss.TxFinished     my_dynamixel.o
    0x200001da   0x08004584   0x00000002   PAD
    0x200001dc        -       0x00000048   Zero   RW           74    .bss.hadc1          adc.o
    0x20000224        -       0x00000060   Zero   RW          121    .bss.hdma_usart6_rx  usart.o
    0x20000284        -       0x00000060   Zero   RW          122    .bss.hdma_usart6_tx  usart.o
    0x200002e4        -       0x00000048   Zero   RW          104    .bss.htim3          tim.o
    0x2000032c        -       0x00000048   Zero   RW          105    .bss.htim4          tim.o
    0x20000374        -       0x00000048   Zero   RW          120    .bss.huart6         usart.o
    0x200003bc        -       0x00000004   Zero   RW          819    .bss.uwTick         stm32f4xx_hal.o
    0x200003c0        -       0x00000200   Zero   RW            2    HEAP                startup_stm32f407xx.o
    0x200005c0        -       0x00000400   Zero   RW            1    STACK               startup_stm32f407xx.o


    Execution Region RW_IRAM2 (Exec base: 0x2001c000, Load base: 0x08004588, Size: 0x00000000, Max: 0x00004000, ABSOLUTE)

    **** No section assigned to this execution region ****


==============================================================================

Image component sizes


      Code (inc. data)   RO Data    RW Data    ZI Data      Debug   Object Name

       180         16          0          0         72       5062   adc.o
        64          0          0          0          0       3473   dma.o
       494         16          0          0          0       2746   gpio.o
      2424        212          0          0        236      14578   main.o
      1032         68        512          0        126      20175   my_dynamixel.o
        64         26        392          0       1536        864   startup_stm32f407xx.o
       172         12          0          8          4       7468   stm32f4xx_hal.o
      1042         36          0          0          0      11561   stm32f4xx_hal_adc.o
       228         28          0          0          0      10660   stm32f4xx_hal_cortex.o
      1064         20          0          0          0       9442   stm32f4xx_hal_dma.o
       646         24          0          0          0       5149   stm32f4xx_hal_gpio.o
        60          4          0          0          0       1628   stm32f4xx_hal_msp.o
      1250         48          0          0          0       7705   stm32f4xx_hal_rcc.o
      1366         88          0          0          0      47814   stm32f4xx_hal_tim.o
       108          0          0          0          0      20274   stm32f4xx_hal_tim_ex.o
      1966         36          0          0          0      25512   stm32f4xx_hal_uart.o
        56         12          0          0          0       4294   stm32f4xx_it.o
        16          4         24          4          0       2597   system_stm32f4xx.o
       438         24          0          0        144       6411   tim.o
       336         28          0          0        264       7121   usart.o

    ----------------------------------------------------------------------
     13050        726        962         12       2388     214534   Object Totals
         0          0         32          0          0          0   (incl. Generated)
        44         24          2          0          6          0   (incl. Padding)

    ----------------------------------------------------------------------

      Code (inc. data)   RO Data    RW Data    ZI Data      Debug   Library Member Name

         8          0          0          0          0         68   __main.o
         0          0          0          0          0          0   __rtentry.o
        12          0          0          0          0          0   __rtentry2.o
         6          0          0          0          0          0   __rtentry4.o
        52          8          0          0          0          0   __scatter.o
        26          0          0          0          0          0   __scatter_copy.o
        28          0          0          0          0          0   __scatter_zi.o
        18          0          0          0          0         80   exit.o
         6          0          0          0          0        152   heapauxi.o
         0          0          0          0          0          0   indicate_semi.o
         2          0          0          0          0          0   libinit.o
         6          0          0          0          0          0   libinit2.o
         2          0          0          0          0          0   libshutdown.o
         2          0          0          0          0          0   libshutdown2.o
         8          4          0          0         96         68   libspace.o
       240          0          0          0          0        100   lludivv7m.o
        78          0          0          0          0         80   rt_memclr_w.o
         2          0          0          0          0          0   rtexit.o
        10          0          0          0          0          0   rtexit2.o
        12          4          0          0          0         68   sys_exit.o
        74          0          0          0          0         80   sys_stackheap_outer.o
         2          0          0          0          0         68   use_no_semi.o
        98          4          0          0          0        140   d2f.o
       812         16          0          0          0        392   daddsub_clz.o
        24          0          0          0          0        116   dcmpi.o
       692        140          0          0          0        264   ddiv.o
        94          4          0          0          0        140   dfix.o
        46          0          0          0          0        116   dflt_clz.o
       120          4          0          0          0        140   dleqf.o
       340         12          0          0          0        152   dmul.o
       156          4          0          0          0        140   dnaninf.o
        12          0          0          0          0        116   dretinf.o
       108          0          0          0          0        128   drleqf.o
       180          4          0          0          0        128   drnd.o
        86          4          0          0          0        132   f2d.o
       140          4          0          0          0        132   fnaninf.o
        26          0          0          0          0        116   fpinit.o
        10          0          0          0          0        116   fretinf.o
         0          0          0          0          0          0   usenofp.o
       224         30          0          0          0        172   round.o

    ----------------------------------------------------------------------
      3768        242          0          0         96       3404   Library Totals
         6          0          0          0          0          0   (incl. Padding)

    ----------------------------------------------------------------------

      Code (inc. data)   RO Data    RW Data    ZI Data      Debug   Library Name

       594         16          0          0         96        764   c_w.l
      2944        196          0          0          0       2468   fz_wm.l
       224         30          0          0          0        172   m_wm.l

    ----------------------------------------------------------------------
      3768        242          0          0         96       3404   Library Totals

    ----------------------------------------------------------------------

==============================================================================


      Code (inc. data)   RO Data    RW Data    ZI Data      Debug   

     16818        968        962         12       2484     215718   Grand Totals
     16818        968        962         12       2484     215718   ELF Image Totals
     16818        968        962         12          0          0   ROM Totals

==============================================================================

    Total RO  Size (Code + RO Data)                17780 (  17.36kB)
    Total RW  Size (RW Data + ZI Data)              2496 (   2.44kB)
    Total ROM Size (Code + RO Data + RW Data)      17792 (  17.38kB)

==============================================================================

